Component: ARM Compiler 6.13.1 Tool: armlink [5d895400]

==============================================================================

Section Cross References

    startup_stm32f103xb.o(RESET) refers to startup_stm32f103xb.o(STACK) for __initial_sp
    startup_stm32f103xb.o(RESET) refers to startup_stm32f103xb.o(.text) for Reset_Handler
    startup_stm32f103xb.o(RESET) refers to stm32f1xx_it.o(.text.NMI_Handler) for NMI_Handler
    startup_stm32f103xb.o(RESET) refers to stm32f1xx_it.o(.text.HardFault_Handler) for HardFault_Handler
    startup_stm32f103xb.o(RESET) refers to stm32f1xx_it.o(.text.MemManage_Handler) for MemManage_Handler
    startup_stm32f103xb.o(RESET) refers to stm32f1xx_it.o(.text.BusFault_Handler) for BusFault_Handler
    startup_stm32f103xb.o(RESET) refers to stm32f1xx_it.o(.text.UsageFault_Handler) for UsageFault_Handler
    startup_stm32f103xb.o(RESET) refers to port.o(.text.SVC_Handler) for SVC_Handler
    startup_stm32f103xb.o(RESET) refers to stm32f1xx_it.o(.text.DebugMon_Handler) for DebugMon_Handler
    startup_stm32f103xb.o(RESET) refers to port.o(.text.PendSV_Handler) for PendSV_Handler
    startup_stm32f103xb.o(RESET) refers to port.o(.text.SysTick_Handler) for SysTick_Handler
    startup_stm32f103xb.o(RESET) refers to stm32f1xx_it.o(.text.USB_HP_CAN1_TX_IRQHandler) for USB_HP_CAN1_TX_IRQHandler
    startup_stm32f103xb.o(RESET) refers to stm32f1xx_it.o(.text.USB_LP_CAN1_RX0_IRQHandler) for USB_LP_CAN1_RX0_IRQHandler
    startup_stm32f103xb.o(RESET) refers to stm32f1xx_it.o(.text.TIM1_UP_IRQHandler) for TIM1_UP_IRQHandler
    startup_stm32f103xb.o(RESET) refers to stm32f1xx_it.o(.text.TIM2_IRQHandler) for TIM2_IRQHandler
    startup_stm32f103xb.o(.text) refers to system_stm32f1xx.o(.text.SystemInit) for SystemInit
    startup_stm32f103xb.o(.text) refers to entry.o(.ARM.Collect$$$$00000000) for __main
    main.o(.text.CAN_Tx) refers to main.o(.bss.msgTx) for msgTx
    main.o(.text.CAN_Tx) refers to main.o(.bss.hcan) for hcan
    main.o(.text.CAN_Tx) refers to main.o(.data.data) for data
    main.o(.text.CAN_Tx) refers to main.o(.bss.mailbox) for mailbox
    main.o(.text.CAN_Tx) refers to stm32f1xx_hal_can.o(.text.HAL_CAN_AddTxMessage) for HAL_CAN_AddTxMessage
    main.o(.text.CAN_Tx) refers to stm32f1xx_hal_can.o(.text.HAL_CAN_IsTxMessagePending) for HAL_CAN_IsTxMessagePending
    main.o(.text.CAN_Tx) refers to stm32f1xx_hal_gpio.o(.text.HAL_GPIO_TogglePin) for HAL_GPIO_TogglePin
    main.o(.ARM.exidx.text.CAN_Tx) refers to main.o(.text.CAN_Tx) for [Anonymous Symbol]
    main.o(.text.main) refers to stm32f1xx_hal.o(.text.HAL_Init) for HAL_Init
    main.o(.text.main) refers to main.o(.text.SystemClock_Config) for SystemClock_Config
    main.o(.text.main) refers to main.o(.text.MX_GPIO_Init) for MX_GPIO_Init
    main.o(.text.main) refers to main.o(.text.MX_TIM2_Init) for MX_TIM2_Init
    main.o(.text.main) refers to main.o(.text.MX_CAN_Init) for MX_CAN_Init
    main.o(.text.main) refers to main.o(.text.MX_TIM3_Init) for MX_TIM3_Init
    main.o(.text.main) refers to tasks_1.o(.text.StartStopEngineInit) for StartStopEngineInit
    main.o(.text.main) refers to tasks.o(.text.vTaskStartScheduler) for vTaskStartScheduler
    main.o(.ARM.exidx.text.main) refers to main.o(.text.main) for [Anonymous Symbol]
    main.o(.text.SystemClock_Config) refers to memseta.o(.text) for __aeabi_memclr4
    main.o(.text.SystemClock_Config) refers to stm32f1xx_hal_rcc.o(.text.HAL_RCC_OscConfig) for HAL_RCC_OscConfig
    main.o(.text.SystemClock_Config) refers to main.o(.text.Error_Handler) for Error_Handler
    main.o(.text.SystemClock_Config) refers to stm32f1xx_hal_rcc.o(.text.HAL_RCC_ClockConfig) for HAL_RCC_ClockConfig
    main.o(.ARM.exidx.text.SystemClock_Config) refers to main.o(.text.SystemClock_Config) for [Anonymous Symbol]
    main.o(.text.MX_GPIO_Init) refers to stm32f1xx_hal_gpio.o(.text.HAL_GPIO_WritePin) for HAL_GPIO_WritePin
    main.o(.text.MX_GPIO_Init) refers to stm32f1xx_hal_gpio.o(.text.HAL_GPIO_Init) for HAL_GPIO_Init
    main.o(.ARM.exidx.text.MX_GPIO_Init) refers to main.o(.text.MX_GPIO_Init) for [Anonymous Symbol]
    main.o(.text.MX_TIM2_Init) refers to main.o(.bss.htim2) for htim2
    main.o(.text.MX_TIM2_Init) refers to stm32f1xx_hal_tim.o(.text.HAL_TIM_Base_Init) for HAL_TIM_Base_Init
    main.o(.text.MX_TIM2_Init) refers to main.o(.text.Error_Handler) for Error_Handler
    main.o(.text.MX_TIM2_Init) refers to stm32f1xx_hal_tim.o(.text.HAL_TIM_ConfigClockSource) for HAL_TIM_ConfigClockSource
    main.o(.text.MX_TIM2_Init) refers to stm32f1xx_hal_tim_ex.o(.text.HAL_TIMEx_MasterConfigSynchronization) for HAL_TIMEx_MasterConfigSynchronization
    main.o(.ARM.exidx.text.MX_TIM2_Init) refers to main.o(.text.MX_TIM2_Init) for [Anonymous Symbol]
    main.o(.text.MX_CAN_Init) refers to main.o(.bss.hcan) for hcan
    main.o(.text.MX_CAN_Init) refers to stm32f1xx_hal_can.o(.text.HAL_CAN_Init) for HAL_CAN_Init
[...]
    [Anonymous Symbol]                       0x080002f0   Section        0  tasks_1.o(.text.ECU_RpmCANRemoteFrameSend)
    ECU_ShutdownEngine                       0x08000321   Thumb Code    52  tasks_1.o(.text.ECU_ShutdownEngine)
    [Anonymous Symbol]                       0x08000320   Section        0  tasks_1.o(.text.ECU_ShutdownEngine)
    [Anonymous Symbol]                       0x08000354   Section        0  main.o(.text.Error_Handler)
    [Anonymous Symbol]                       0x08000364   Section        0  stm32f1xx_hal_can.o(.text.HAL_CAN_ActivateNotification)
    [Anonymous Symbol]                       0x080003a8   Section        0  stm32f1xx_hal_can.o(.text.HAL_CAN_AddTxMessage)
    [Anonymous Symbol]                       0x0800050c   Section        0  stm32f1xx_hal_can.o(.text.HAL_CAN_ConfigFilter)
    [Anonymous Symbol]                       0x08000688   Section        0  stm32f1xx_hal_can.o(.text.HAL_CAN_ErrorCallback)
    [Anonymous Symbol]                       0x08000690   Section        0  stm32f1xx_hal_can.o(.text.HAL_CAN_GetRxMessage)
    [Anonymous Symbol]                       0x08000878   Section        0  stm32f1xx_hal_can.o(.text.HAL_CAN_IRQHandler)
    [Anonymous Symbol]                       0x08000c7c   Section        0  stm32f1xx_hal_can.o(.text.HAL_CAN_Init)
    [Anonymous Symbol]                       0x08000e50   Section        0  stm32f1xx_hal_msp.o(.text.HAL_CAN_MspInit)
    [Anonymous Symbol]                       0x08000f14   Section        0  stm32f1xx_hal_can.o(.text.HAL_CAN_RxFifo0FullCallback)
    [Anonymous Symbol]                       0x08000f1c   Section        0  tasks_1.o(.text.HAL_CAN_RxFifo0MsgPendingCallback)
    [Anonymous Symbol]                       0x080010e8   Section        0  stm32f1xx_hal_can.o(.text.HAL_CAN_RxFifo1FullCallback)
    [Anonymous Symbol]                       0x080010f0   Section        0  stm32f1xx_hal_can.o(.text.HAL_CAN_RxFifo1MsgPendingCallback)
    [Anonymous Symbol]                       0x080010f8   Section        0  stm32f1xx_hal_can.o(.text.HAL_CAN_SleepCallback)
    [Anonymous Symbol]                       0x08001100   Section        0  stm32f1xx_hal_can.o(.text.HAL_CAN_Start)
    [Anonymous Symbol]                       0x08001180   Section        0  stm32f1xx_hal_can.o(.text.HAL_CAN_TxMailbox0AbortCallback)
    [Anonymous Symbol]                       0x08001188   Section        0  tasks_1.o(.text.HAL_CAN_TxMailbox0CompleteCallback)
    [Anonymous Symbol]                       0x08001190   Section        0  stm32f1xx_hal_can.o(.text.HAL_CAN_TxMailbox1AbortCallback)
    [Anonymous Symbol]                       0x08001198   Section        0  stm32f1xx_hal_can.o(.text.HAL_CAN_TxMailbox1CompleteCallback)
    [Anonymous Symbol]                       0x080011a0   Section        0  stm32f1xx_hal_can.o(.text.HAL_CAN_TxMailbox2AbortCallback)
    [Anonymous Symbol]                       0x080011a8   Section        0  stm32f1xx_hal_can.o(.text.HAL_CAN_TxMailbox2CompleteCallback)
    [Anonymous Symbol]                       0x080011b0   Section        0  stm32f1xx_hal_can.o(.text.HAL_CAN_WakeUpFromRxMsgCallback)
    [Anonymous Symbol]                       0x080011b8   Section        0  stm32f1xx_hal_gpio.o(.text.HAL_GPIO_Init)
    [Anonymous Symbol]                       0x080014e8   Section        0  stm32f1xx_hal_gpio.o(.text.HAL_GPIO_ReadPin)
    [Anonymous Symbol]                       0x08001514   Section        0  stm32f1xx_hal_gpio.o(.text.HAL_GPIO_TogglePin)
    [Anonymous Symbol]                       0x08001540   Section        0  stm32f1xx_hal_gpio.o(.text.HAL_GPIO_WritePin)
    [Anonymous Symbol]                       0x08001570   Section        0  stm32f1xx_hal.o(.text.HAL_GetTick)
    [Anonymous Symbol]                       0x0800157c   Section        0  stm32f1xx_hal.o(.text.HAL_IncTick)
    [Anonymous Symbol]                       0x08001598   Section        0  stm32f1xx_hal.o(.text.HAL_Init)
    [Anonymous Symbol]                       0x080015c4   Section        0  stm32f1xx_hal_timebase_tim.o(.text.HAL_InitTick)
    [Anonymous Symbol]                       0x08001678   Section        0  stm32f1xx_hal_msp.o(.text.HAL_MspInit)
    [Anonymous Symbol]                       0x080016dc   Section        0  stm32f1xx_hal_cortex.o(.text.HAL_NVIC_EnableIRQ)
    [Anonymous Symbol]                       0x080016ec   Section        0  stm32f1xx_hal_cortex.o(.text.HAL_NVIC_SetPriority)
    [Anonymous Symbol]                       0x08001724   Section        0  stm32f1xx_hal_cortex.o(.text.HAL_NVIC_SetPriorityGrouping)
    [Anonymous Symbol]                       0x08001734   Section        0  stm32f1xx_hal_rcc.o(.text.HAL_RCC_ClockConfig)
    [Anonymous Symbol]                       0x0800197c   Section        0  stm32f1xx_hal_rcc.o(.text.HAL_RCC_GetClockConfig)
    [Anonymous Symbol]                       0x080019d0   Section        0  stm32f1xx_hal_rcc.o(.text.HAL_RCC_GetHCLKFreq)
    [Anonymous Symbol]                       0x080019dc   Section        0  stm32f1xx_hal_rcc.o(.text.HAL_RCC_GetPCLK2Freq)
    [Anonymous Symbol]                       0x08001a00   Section        0  stm32f1xx_hal_rcc.o(.text.HAL_RCC_GetSysClockFreq)
    [Anonymous Symbol]                       0x08001ae8   Section        0  stm32f1xx_hal_rcc.o(.text.HAL_RCC_OscConfig)
    [Anonymous Symbol]                       0x08002144   Section        0  stm32f1xx_hal_tim_ex.o(.text.HAL_TIMEx_BreakCallback)
    [Anonymous Symbol]                       0x0800214c   Section        0  stm32f1xx_hal_tim_ex.o(.text.HAL_TIMEx_CommutCallback)
    [Anonymous Symbol]                       0x08002154   Section        0  stm32f1xx_hal_tim_ex.o(.text.HAL_TIMEx_MasterConfigSynchronization)
    [Anonymous Symbol]                       0x08002220   Section        0  stm32f1xx_hal_tim.o(.text.HAL_TIM_Base_Init)
    [Anonymous Symbol]                       0x080022a8   Section        0  stm32f1xx_hal_msp.o(.text.HAL_TIM_Base_MspInit)
    [Anonymous Symbol]                       0x08002324   Section        0  stm32f1xx_hal_tim.o(.text.HAL_TIM_Base_Start)
    [Anonymous Symbol]                       0x080023c0   Section        0  stm32f1xx_hal_tim.o(.text.HAL_TIM_Base_Start_IT)
    [Anonymous Symbol]                       0x08002468   Section        0  stm32f1xx_hal_tim.o(.text.HAL_TIM_Base_Stop)
    [Anonymous Symbol]                       0x080024ac   Section        0  stm32f1xx_hal_tim.o(.text.HAL_TIM_Base_Stop_IT)
    [Anonymous Symbol]                       0x080024fc   Section        0  stm32f1xx_hal_tim.o(.text.HAL_TIM_ConfigClockSource)
    [Anonymous Symbol]                       0x08002684   Section        0  stm32f1xx_hal_tim.o(.text.HAL_TIM_IC_CaptureCallback)
    [Anonymous Symbol]                       0x0800268c   Section        0  stm32f1xx_hal_tim.o(.text.HAL_TIM_IRQHandler)
    [Anonymous Symbol]                       0x08002910   Section        0  stm32f1xx_hal_tim.o(.text.HAL_TIM_OC_DelayElapsedCallback)
    [Anonymous Symbol]                       0x08002918   Section        0  stm32f1xx_hal_tim.o(.text.HAL_TIM_PWM_PulseFinishedCallback)
    [Anonymous Symbol]                       0x08002920   Section        0  main.o(.text.HAL_TIM_PeriodElapsedCallback)
    [Anonymous Symbol]                       0x08002968   Section        0  stm32f1xx_hal_tim.o(.text.HAL_TIM_TriggerCallback)
    [Anonymous Symbol]                       0x08002970   Section        0  stm32f1xx_it.o(.text.HardFault_Handler)
    MX_CAN_Init                              0x08002975   Thumb Code    72  main.o(.text.MX_CAN_Init)
    [Anonymous Symbol]                       0x08002974   Section        0  main.o(.text.MX_CAN_Init)
    MX_GPIO_Init                             0x080029bd   Thumb Code   384  main.o(.text.MX_GPIO_Init)
    [Anonymous Symbol]                       0x080029bc   Section        0  main.o(.text.MX_GPIO_Init)
    MX_TIM2_Init                             0x08002b3d   Thumb Code   136  main.o(.text.MX_TIM2_Init)
    [Anonymous Symbol]                       0x08002b3c   Section        0  main.o(.text.MX_TIM2_Init)
    MX_TIM3_Init                             0x08002bc5   Thumb Code   140  main.o(.text.MX_TIM3_Init)
    [Anonymous Symbol]                       0x08002bc4   Section        0  main.o(.text.MX_TIM3_Init)
    [Anonymous Symbol]                       0x08002c50   Section        0  stm32f1xx_it.o(.text.MemManage_Handler)
    [Anonymous Symbol]                       0x08002c54   Section        0  stm32f1xx_it.o(.text.NMI_Handler)
    NVIC_EncodePriority                      0x08002c59   Thumb Code   110  stm32f1xx_hal_cortex.o(.text.NVIC_EncodePriority)
    [Anonymous Symbol]                       0x08002c58   Section        0  stm32f1xx_hal_cortex.o(.text.NVIC_EncodePriority)
    [Anonymous Symbol]                       0x08002cd0   Section        0  port.o(.text.PendSV_Handler)
    pxCurrentTCBConst                        0x08002d10   Number         0  port.o(.text.PendSV_Handler)
    RCC_Delay                                0x08002d15   Thumb Code    58  stm32f1xx_hal_rcc.o(.text.RCC_Delay)
    [Anonymous Symbol]                       0x08002d14   Section        0  stm32f1xx_hal_rcc.o(.text.RCC_Delay)
    ReadBreakSwitch                          0x08002d51   Thumb Code    30  tasks_1.o(.text.ReadBreakSwitch)
    [Anonymous Symbol]                       0x08002d50   Section        0  tasks_1.o(.text.ReadBreakSwitch)
    [Anonymous Symbol]                       0x08002d70   Section        0  port.o(.text.SVC_Handler)
    pxCurrentTCBConst2                       0x08002d90   Number         0  port.o(.text.SVC_Handler)
    StartStarterMotor                        0x08002d95   Thumb Code   104  tasks_1.o(.text.StartStarterMotor)
    [Anonymous Symbol]                       0x08002d94   Section        0  tasks_1.o(.text.StartStarterMotor)
    [Anonymous Symbol]                       0x08002dfc   Section        0  tasks_1.o(.text.StartStopEngineButtonHandle)
    StartStopEngineCreateAllTasks            0x08003011   Thumb Code   202  tasks_1.o(.text.StartStopEngineCreateAllTasks)
    [Anonymous Symbol]                       0x08003010   Section        0  tasks_1.o(.text.StartStopEngineCreateAllTasks)
    [Anonymous Symbol]                       0x080030dc   Section        0  tasks_1.o(.text.StartStopEngineInit)
    [Anonymous Symbol]                       0x080030ec   Section        0  tasks_1.o(.text.StartStopEngineStarterTimingControl)
    [Anonymous Symbol]                       0x08003190   Section        0  tasks_1.o(.text.StartStopEngineStateControl)
    StartStopEngine_Init                     0x080033ad   Thumb Code   142  tasks_1.o(.text.StartStopEngine_Init)
    [Anonymous Symbol]                       0x080033ac   Section        0  tasks_1.o(.text.StartStopEngine_Init)
    [Anonymous Symbol]                       0x0800343c   Section        0  tasks_1.o(.text.StartStopFeatureSwitchControl)
    StarterMotorHold                         0x080035a1   Thumb Code    58  tasks_1.o(.text.StarterMotorHold)
    [Anonymous Symbol]                       0x080035a0   Section        0  tasks_1.o(.text.StarterMotorHold)
    StarterMotorReset                        0x080035dd   Thumb Code    22  tasks_1.o(.text.StarterMotorReset)
    [Anonymous Symbol]                       0x080035dc   Section        0  tasks_1.o(.text.StarterMotorReset)
    StopStarterMotor                         0x080035f5   Thumb Code    46  tasks_1.o(.text.StopStarterMotor)
    [Anonymous Symbol]                       0x080035f4   Section        0  tasks_1.o(.text.StopStarterMotor)
    [Anonymous Symbol]                       0x08003624   Section        0  port.o(.text.SysTick_Handler)
    [Anonymous Symbol]                       0x08003664   Section        0  main.o(.text.SystemClock_Config)
    [Anonymous Symbol]                       0x080036dc   Section        0  system_stm32f1xx.o(.text.SystemInit)
    [Anonymous Symbol]                       0x080036e0   Section        0  stm32f1xx_it.o(.text.TIM1_UP_IRQHandler)
    [Anonymous Symbol]                       0x080036f0   Section        0  stm32f1xx_it.o(.text.TIM2_IRQHandler)
    [Anonymous Symbol]                       0x08003700   Section        0  stm32f1xx_hal_tim.o(.text.TIM_Base_SetConfig)
    [Anonymous Symbol]                       0x080037f0   Section        0  stm32f1xx_hal_tim.o(.text.TIM_ETR_SetConfig)
    TIM_ITRx_SetConfig                       0x08003825   Thumb Code    42  stm32f1xx_hal_tim.o(.text.TIM_ITRx_SetConfig)
    [Anonymous Symbol]                       0x08003824   Section        0  stm32f1xx_hal_tim.o(.text.TIM_ITRx_SetConfig)
    TIM_TI1_ConfigInputStage                 0x08003851   Thumb Code    80  stm32f1xx_hal_tim.o(.text.TIM_TI1_ConfigInputStage)
    [Anonymous Symbol]                       0x08003850   Section        0  stm32f1xx_hal_tim.o(.text.TIM_TI1_ConfigInputStage)
    TIM_TI2_ConfigInputStage                 0x080038a1   Thumb Code    82  stm32f1xx_hal_tim.o(.text.TIM_TI2_ConfigInputStage)
    [Anonymous Symbol]                       0x080038a0   Section        0  stm32f1xx_hal_tim.o(.text.TIM_TI2_ConfigInputStage)
    TurnOffSSEButtonLed                      0x080038f5   Thumb Code    22  tasks_1.o(.text.TurnOffSSEButtonLed)
    [Anonymous Symbol]                       0x080038f4   Section        0  tasks_1.o(.text.TurnOffSSEButtonLed)
    TurnOnSSEButtonLed                       0x0800390d   Thumb Code    22  tasks_1.o(.text.TurnOnSSEButtonLed)
    [Anonymous Symbol]                       0x0800390c   Section        0  tasks_1.o(.text.TurnOnSSEButtonLed)
    [Anonymous Symbol]                       0x08003924   Section        0  stm32f1xx_it.o(.text.USB_HP_CAN1_TX_IRQHandler)
    [Anonymous Symbol]                       0x08003934   Section        0  stm32f1xx_it.o(.text.USB_LP_CAN1_RX0_IRQHandler)
    [Anonymous Symbol]                       0x08003944   Section        0  stm32f1xx_it.o(.text.UsageFault_Handler)
    __NVIC_EnableIRQ                         0x08003949   Thumb Code    44  stm32f1xx_hal_cortex.o(.text.__NVIC_EnableIRQ)
    [Anonymous Symbol]                       0x08003948   Section        0  stm32f1xx_hal_cortex.o(.text.__NVIC_EnableIRQ)
    __NVIC_GetPriorityGrouping               0x08003975   Thumb Code    16  stm32f1xx_hal_cortex.o(.text.__NVIC_GetPriorityGrouping)
    [Anonymous Symbol]                       0x08003974   Section        0  stm32f1xx_hal_cortex.o(.text.__NVIC_GetPriorityGrouping)
    __NVIC_SetPriority                       0x08003985   Thumb Code    58  stm32f1xx_hal_cortex.o(.text.__NVIC_SetPriority)
    [Anonymous Symbol]                       0x08003984   Section        0  stm32f1xx_hal_cortex.o(.text.__NVIC_SetPriority)
    __NVIC_SetPriorityGrouping               0x080039c1   Thumb Code    60  stm32f1xx_hal_cortex.o(.text.__NVIC_SetPriorityGrouping)
    [Anonymous Symbol]                       0x080039c0   Section        0  stm32f1xx_hal_cortex.o(.text.__NVIC_SetPriorityGrouping)
    [Anonymous Symbol]                       0x080039fc   Section        0  main.o(.text.main)
    prvAddCurrentTaskToDelayedList           0x08003a2d   Thumb Code   252  tasks.o(.text.prvAddCurrentTaskToDelayedList)
    [Anonymous Symbol]                       0x08003a2c   Section        0  tasks.o(.text.prvAddCurrentTaskToDelayedList)
    prvAddNewTaskToReadyList                 0x08003b29   Thumb Code   290  tasks.o(.text.prvAddNewTaskToReadyList)
    [Anonymous Symbol]                       0x08003b28   Section        0  tasks.o(.text.prvAddNewTaskToReadyList)
    prvCheckForValidListAndQueue             0x08003c4d   Thumb Code   108  timers.o(.text.prvCheckForValidListAndQueue)
    [Anonymous Symbol]                       0x08003c4c   Section        0  timers.o(.text.prvCheckForValidListAndQueue)
    prvCheckTasksWaitingTermination          0x08003cb9   Thumb Code    94  tasks.o(.text.prvCheckTasksWaitingTermination)
    [Anonymous Symbol]                       0x08003cb8   Section        0  tasks.o(.text.prvCheckTasksWaitingTermination)
    prvCopyDataFromQueue                     0x08003d19   Thumb Code    74  queue.o(.text.prvCopyDataFromQueue)
    [Anonymous Symbol]                       0x08003d18   Section        0  queue.o(.text.prvCopyDataFromQueue)
    prvCopyDataToQueue                       0x08003d65   Thumb Code   194  queue.o(.text.prvCopyDataToQueue)
    [Anonymous Symbol]                       0x08003d64   Section        0  queue.o(.text.prvCopyDataToQueue)
    prvDeleteTCB                             0x08003e29   Thumb Code    24  tasks.o(.text.prvDeleteTCB)
    [Anonymous Symbol]                       0x08003e28   Section        0  tasks.o(.text.prvDeleteTCB)
    prvGetNextExpireTime                     0x08003e41   Thumb Code    66  timers.o(.text.prvGetNextExpireTime)
    [Anonymous Symbol]                       0x08003e40   Section        0  timers.o(.text.prvGetNextExpireTime)
    prvIdleTask                              0x08003e85   Thumb Code    56  tasks.o(.text.prvIdleTask)
    [Anonymous Symbol]                       0x08003e84   Section        0  tasks.o(.text.prvIdleTask)
    prvInitialiseNewQueue                    0x08003ebd   Thumb Code    76  queue.o(.text.prvInitialiseNewQueue)
    [Anonymous Symbol]                       0x08003ebc   Section        0  queue.o(.text.prvInitialiseNewQueue)
    prvInitialiseNewTask                     0x08003f09   Thumb Code   262  tasks.o(.text.prvInitialiseNewTask)
    [Anonymous Symbol]                       0x08003f08   Section        0  tasks.o(.text.prvInitialiseNewTask)
    prvInitialiseTaskLists                   0x08004011   Thumb Code   142  tasks.o(.text.prvInitialiseTaskLists)
    [Anonymous Symbol]                       0x08004010   Section        0  tasks.o(.text.prvInitialiseTaskLists)
    prvInsertTimerInActiveList               0x080040a1   Thumb Code   134  timers.o(.text.prvInsertTimerInActiveList)
    [Anonymous Symbol]                       0x080040a0   Section        0  timers.o(.text.prvInsertTimerInActiveList)
    prvIsQueueEmpty                          0x08004129   Thumb Code    42  queue.o(.text.prvIsQueueEmpty)
    [Anonymous Symbol]                       0x08004128   Section        0  queue.o(.text.prvIsQueueEmpty)
    prvIsQueueFull                           0x08004155   Thumb Code    46  queue.o(.text.prvIsQueueFull)
    [Anonymous Symbol]                       0x08004154   Section        0  queue.o(.text.prvIsQueueFull)
    prvPortStartFirstTask                    0x08004185   Thumb Code    26  port.o(.text.prvPortStartFirstTask)
    [Anonymous Symbol]                       0x08004184   Section        0  port.o(.text.prvPortStartFirstTask)
    prvProcessExpiredTimer                   0x080041a5   Thumb Code   124  timers.o(.text.prvProcessExpiredTimer)
    [Anonymous Symbol]                       0x080041a4   Section        0  timers.o(.text.prvProcessExpiredTimer)
    prvProcessReceivedCommands               0x08004221   Thumb Code   344  timers.o(.text.prvProcessReceivedCommands)
    [Anonymous Symbol]                       0x08004220   Section        0  timers.o(.text.prvProcessReceivedCommands)
    prvProcessTimerOrBlockTask               0x08004379   Thumb Code   168  timers.o(.text.prvProcessTimerOrBlockTask)
    [Anonymous Symbol]                       0x08004378   Section        0  timers.o(.text.prvProcessTimerOrBlockTask)
    prvResetNextTaskUnblockTime              0x08004421   Thumb Code    72  tasks.o(.text.prvResetNextTaskUnblockTime)
    [Anonymous Symbol]                       0x08004420   Section        0  tasks.o(.text.prvResetNextTaskUnblockTime)
    prvSampleTimeNow                         0x08004469   Thumb Code    68  timers.o(.text.prvSampleTimeNow)
    [Anonymous Symbol]                       0x08004468   Section        0  timers.o(.text.prvSampleTimeNow)
    prvSwitchTimerLists                      0x080044ad   Thumb Code   188  timers.o(.text.prvSwitchTimerLists)
    [Anonymous Symbol]                       0x080044ac   Section        0  timers.o(.text.prvSwitchTimerLists)
    prvTaskExitError                         0x08004569   Thumb Code    40  port.o(.text.prvTaskExitError)
    [Anonymous Symbol]                       0x08004568   Section        0  port.o(.text.prvTaskExitError)
    prvTimerTask                             0x08004591   Thumb Code    30  timers.o(.text.prvTimerTask)
    [Anonymous Symbol]                       0x08004590   Section        0  timers.o(.text.prvTimerTask)
    prvUnlockQueue                           0x080045b1   Thumb Code   182  queue.o(.text.prvUnlockQueue)
    [Anonymous Symbol]                       0x080045b0   Section        0  queue.o(.text.prvUnlockQueue)
    [Anonymous Symbol]                       0x08004668   Section        0  heap_1.o(.text.pvPortMalloc)
    [Anonymous Symbol]                       0x08004738   Section        0  port.o(.text.pxPortInitialiseStack)
    [Anonymous Symbol]                       0x08004788   Section        0  list.o(.text.uxListRemove)
    [Anonymous Symbol]                       0x080047d0   Section        0  list.o(.text.vListInitialise)
    [Anonymous Symbol]                       0x08004800   Section        0  list.o(.text.vListInitialiseItem)
    [Anonymous Symbol]                       0x08004810   Section        0  list.o(.text.vListInsert)
    [Anonymous Symbol]                       0x0800487c   Section        0  list.o(.text.vListInsertEnd)
    [Anonymous Symbol]                       0x080048b8   Section        0  port.o(.text.vPortEnterCritical)
    [Anonymous Symbol]                       0x080048e8   Section        0  port.o(.text.vPortExitCritical)
    [Anonymous Symbol]                       0x08004910   Section        0  heap_1.o(.text.vPortFree)
    [Anonymous Symbol]                       0x08004918   Section        0  port.o(.text.vPortSetupTimerInterrupt)
    [Anonymous Symbol]                       0x08004948   Section        0  queue.o(.text.vQueueWaitForMessageRestricted)
    [Anonymous Symbol]                       0x080049b4   Section        0  tasks.o(.text.vTaskDelayUntil)
    [Anonymous Symbol]                       0x08004a70   Section        0  tasks.o(.text.vTaskInternalSetTimeOutState)
    [Anonymous Symbol]                       0x08004a94   Section        0  tasks.o(.text.vTaskMissedYield)
    [Anonymous Symbol]                       0x08004aa4   Section        0  tasks.o(.text.vTaskPlaceOnEventList)
    [Anonymous Symbol]                       0x08004acc   Section        0  tasks.o(.text.vTaskPlaceOnEventListRestricted)
    [Anonymous Symbol]                       0x08004b04   Section        0  tasks.o(.text.vTaskSetApplicationTaskTag)
    [Anonymous Symbol]                       0x08004b3c   Section        0  tasks.o(.text.vTaskStartScheduler)
    [Anonymous Symbol]                       0x08004bdc   Section        0  tasks.o(.text.vTaskSuspendAll)
    [Anonymous Symbol]                       0x08004bec   Section        0  tasks.o(.text.vTaskSwitchContext)
    [Anonymous Symbol]                       0x08004c80   Section        0  port.o(.text.xPortStartScheduler)
    [Anonymous Symbol]                       0x08004cc0   Section        0  queue.o(.text.xQueueGenericCreate)
    [Anonymous Symbol]                       0x08004d18   Section        0  queue.o(.text.xQueueGenericReset)
    [Anonymous Symbol]                       0x08004dbc   Section        0  queue.o(.text.xQueueGenericSend)
    [Anonymous Symbol]                       0x08004f3c   Section        0  queue.o(.text.xQueueGenericSendFromISR)
    [Anonymous Symbol]                       0x08005004   Section        0  queue.o(.text.xQueueReceive)
    [Anonymous Symbol]                       0x08005170   Section        0  queue.o(.text.xQueueSemaphoreTake)
    [Anonymous Symbol]                       0x080052d4   Section        0  tasks.o(.text.xTaskCheckForTimeOut)
    [Anonymous Symbol]                       0x0800536c   Section        0  tasks.o(.text.xTaskCreate)
    [Anonymous Symbol]                       0x08005414   Section        0  tasks.o(.text.xTaskGetSchedulerState)
    [Anonymous Symbol]                       0x08005450   Section        0  tasks.o(.text.xTaskGetTickCount)
    [Anonymous Symbol]                       0x08005464   Section        0  tasks.o(.text.xTaskIncrementTick)
    [Anonymous Symbol]                       0x08005604   Section        0  tasks.o(.text.xTaskRemoveFromEventList)
    [Anonymous Symbol]                       0x080056b0   Section        0  tasks.o(.text.xTaskResumeAll)
    [Anonymous Symbol]                       0x08005818   Section        0  timers.o(.text.xTimerCreateTimerTask)
    [Anonymous Symbol]                       0x0800586c   Section        0  timers.o(.text.xTimerGenericCommand)
    i.__scatterload_copy                     0x08005904   Section       14  handlers.o(i.__scatterload_copy)
    i.__scatterload_null                     0x08005912   Section        2  handlers.o(i.__scatterload_null)
    i.__scatterload_zeroinit                 0x08005914   Section       14  handlers.o(i.__scatterload_zeroinit)
    .L.str                                   0x0800593a   Data           5  tasks.o(.rodata.str1.1)
    [Anonymous Symbol]                       0x0800593a   Section        0  tasks.o(.rodata.str1.1)
    .L.str                                   0x0800593f   Data           8  timers.o(.rodata.str1.1)
    [Anonymous Symbol]                       0x0800593f   Section        0  timers.o(.rodata.str1.1)
    .L.str                                   0x08005947   Data           7  tasks_1.o(.rodata.str1.1)
    [Anonymous Symbol]                       0x08005947   Section        0  tasks_1.o(.rodata.str1.1)
    .L.str.1                                 0x0800594e   Data           7  tasks_1.o(.rodata.str1.1)
    .L.str.2                                 0x08005955   Data           7  tasks_1.o(.rodata.str1.1)
    .L.str.3                                 0x0800595c   Data           7  tasks_1.o(.rodata.str1.1)
    StartStopFeatureSwitchControl.PrvState   0x20000000   Data           1  tasks_1.o(.data.StartStopFeatureSwitchControl.PrvState)
    [Anonymous Symbol]                       0x20000000   Section        0  tasks_1.o(.data.StartStopFeatureSwitchControl.PrvState)
    uxCriticalNesting                        0x20000010   Data           4  port.o(.data.uxCriticalNesting)
    [Anonymous Symbol]                       0x20000010   Section        0  port.o(.data.uxCriticalNesting)
    CheckIfEcuIsAwake.PrvNumber              0x20000018   Data           8  tasks_1.o(.bss.CheckIfEcuIsAwake.PrvNumber)
    [Anonymous Symbol]                       0x20000018   Section        0  tasks_1.o(.bss.CheckIfEcuIsAwake.PrvNumber)
    CheckIfEcuIsAwake.Tries                  0x20000020   Data           8  tasks_1.o(.bss.CheckIfEcuIsAwake.Tries)
    [Anonymous Symbol]                       0x20000020   Section        0  tasks_1.o(.bss.CheckIfEcuIsAwake.Tries)
    SSEStateControlTaskSemaphore             0x20000040   Data           4  tasks_1.o(.bss.SSEStateControlTaskSemaphore)
    [Anonymous Symbol]                       0x20000040   Section        0  tasks_1.o(.bss.SSEStateControlTaskSemaphore)
    SSE_CANRxHeader                          0x20000048   Data          28  tasks_1.o(.bss.SSE_CANRxHeader)
    [Anonymous Symbol]                       0x20000048   Section        0  tasks_1.o(.bss.SSE_CANRxHeader)
    StartStopEngineInfo                      0x20000064   Data          32  tasks_1.o(.bss.StartStopEngineInfo)
    [Anonymous Symbol]                       0x20000064   Section        0  tasks_1.o(.bss.StartStopEngineInfo)
    StartStopFeatureSwitchControlHandler     0x20000084   Data           4  tasks_1.o(.bss.StartStopFeatureSwitchControlHandler)
    [Anonymous Symbol]                       0x20000084   Section        0  tasks_1.o(.bss.StartStopFeatureSwitchControlHandler)
    StartStopReadButtonHandler               0x20000088   Data           4  tasks_1.o(.bss.StartStopReadButtonHandler)
    [Anonymous Symbol]                       0x20000088   Section        0  tasks_1.o(.bss.StartStopReadButtonHandler)
    StartStopStateControlHandler             0x2000008c   Data           4  tasks_1.o(.bss.StartStopStateControlHandler)
    [Anonymous Symbol]                       0x2000008c   Section        0  tasks_1.o(.bss.StartStopStateControlHandler)
    StartStopTimeControlHandler              0x20000090   Data           4  tasks_1.o(.bss.StartStopTimeControlHandler)
    [Anonymous Symbol]                       0x20000090   Section        0  tasks_1.o(.bss.StartStopTimeControlHandler)
    prvSampleTimeNow.xLastTime               0x20000204   Data           4  timers.o(.bss.prvSampleTimeNow.xLastTime)
    [Anonymous Symbol]                       0x20000204   Section        0  timers.o(.bss.prvSampleTimeNow.xLastTime)
    pvPortMalloc.pucAlignedHeap              0x20000208   Data           4  heap_1.o(.bss.pvPortMalloc.pucAlignedHeap)
    [Anonymous Symbol]                       0x20000208   Section        0  heap_1.o(.bss.pvPortMalloc.pucAlignedHeap)
    pxCurrentTimerList                       0x20000210   Data           4  timers.o(.bss.pxCurrentTimerList)
    [Anonymous Symbol]                       0x20000210   Section        0  timers.o(.bss.pxCurrentTimerList)
    pxDelayedTaskList                        0x20000214   Data           4  tasks.o(.bss.pxDelayedTaskList)
    [Anonymous Symbol]                       0x20000214   Section        0  tasks.o(.bss.pxDelayedTaskList)
    pxOverflowDelayedTaskList                0x20000218   Data           4  tasks.o(.bss.pxOverflowDelayedTaskList)
    [Anonymous Symbol]                       0x20000218   Section        0  tasks.o(.bss.pxOverflowDelayedTaskList)
    pxOverflowTimerList                      0x2000021c   Data           4  timers.o(.bss.pxOverflowTimerList)
    [Anonymous Symbol]                       0x2000021c   Section        0  timers.o(.bss.pxOverflowTimerList)
    pxReadyTasksLists                        0x20000220   Data         200  tasks.o(.bss.pxReadyTasksLists)
    [Anonymous Symbol]                       0x20000220   Section        0  tasks.o(.bss.pxReadyTasksLists)
    ucHeap                                   0x200002e8   Data       17408  heap_1.o(.bss.ucHeap)
    [Anonymous Symbol]                       0x200002e8   Section        0  heap_1.o(.bss.ucHeap)
    uxCurrentNumberOfTasks                   0x200046ec   Data           4  tasks.o(.bss.uxCurrentNumberOfTasks)
    [Anonymous Symbol]                       0x200046ec   Section        0  tasks.o(.bss.uxCurrentNumberOfTasks)
    uxDeletedTasksWaitingCleanUp             0x200046f0   Data           4  tasks.o(.bss.uxDeletedTasksWaitingCleanUp)
    [Anonymous Symbol]                       0x200046f0   Section        0  tasks.o(.bss.uxDeletedTasksWaitingCleanUp)
    uxSchedulerSuspended                     0x200046f4   Data           4  tasks.o(.bss.uxSchedulerSuspended)
    [Anonymous Symbol]                       0x200046f4   Section        0  tasks.o(.bss.uxSchedulerSuspended)
    uxTaskNumber                             0x200046f8   Data           4  tasks.o(.bss.uxTaskNumber)
    [Anonymous Symbol]                       0x200046f8   Section        0  tasks.o(.bss.uxTaskNumber)
    uxTopReadyPriority                       0x200046fc   Data           4  tasks.o(.bss.uxTopReadyPriority)
    [Anonymous Symbol]                       0x200046fc   Section        0  tasks.o(.bss.uxTopReadyPriority)
    xActiveTimerList1                        0x20004700   Data          20  timers.o(.bss.xActiveTimerList1)
    [Anonymous Symbol]                       0x20004700   Section        0  timers.o(.bss.xActiveTimerList1)
    xActiveTimerList2                        0x20004714   Data          20  timers.o(.bss.xActiveTimerList2)
    [Anonymous Symbol]                       0x20004714   Section        0  timers.o(.bss.xActiveTimerList2)
    xDelayedTaskList1                        0x20004728   Data          20  tasks.o(.bss.xDelayedTaskList1)
    [Anonymous Symbol]                       0x20004728   Section        0  tasks.o(.bss.xDelayedTaskList1)
    xDelayedTaskList2                        0x2000473c   Data          20  tasks.o(.bss.xDelayedTaskList2)
    [Anonymous Symbol]                       0x2000473c   Section        0  tasks.o(.bss.xDelayedTaskList2)
    xIdleTaskHandle                          0x20004750   Data           4  tasks.o(.bss.xIdleTaskHandle)
    [Anonymous Symbol]                       0x20004750   Section        0  tasks.o(.bss.xIdleTaskHandle)
    xNextFreeByte                            0x20004754   Data           4  heap_1.o(.bss.xNextFreeByte)
    [Anonymous Symbol]                       0x20004754   Section        0  heap_1.o(.bss.xNextFreeByte)
    xNextTaskUnblockTime                     0x20004758   Data           4  tasks.o(.bss.xNextTaskUnblockTime)
    [Anonymous Symbol]                       0x20004758   Section        0  tasks.o(.bss.xNextTaskUnblockTime)
    xNumOfOverflows                          0x2000475c   Data           4  tasks.o(.bss.xNumOfOverflows)
    [Anonymous Symbol]                       0x2000475c   Section        0  tasks.o(.bss.xNumOfOverflows)
    xPendedTicks                             0x20004760   Data           4  tasks.o(.bss.xPendedTicks)
    [Anonymous Symbol]                       0x20004760   Section        0  tasks.o(.bss.xPendedTicks)
    xPendingReadyList                        0x20004764   Data          20  tasks.o(.bss.xPendingReadyList)
    [Anonymous Symbol]                       0x20004764   Section        0  tasks.o(.bss.xPendingReadyList)
    xSchedulerRunning                        0x20004778   Data           4  tasks.o(.bss.xSchedulerRunning)
    [Anonymous Symbol]                       0x20004778   Section        0  tasks.o(.bss.xSchedulerRunning)
    xSuspendedTaskList                       0x2000477c   Data          20  tasks.o(.bss.xSuspendedTaskList)
    [Anonymous Symbol]                       0x2000477c   Section        0  tasks.o(.bss.xSuspendedTaskList)
    xTasksWaitingTermination                 0x20004790   Data          20  tasks.o(.bss.xTasksWaitingTermination)
    [Anonymous Symbol]                       0x20004790   Section        0  tasks.o(.bss.xTasksWaitingTermination)
    xTickCount                               0x200047a4   Data           4  tasks.o(.bss.xTickCount)
    [Anonymous Symbol]                       0x200047a4   Section        0  tasks.o(.bss.xTickCount)
    xTimerQueue                              0x200047a8   Data           4  timers.o(.bss.xTimerQueue)
    [Anonymous Symbol]                       0x200047a8   Section        0  timers.o(.bss.xTimerQueue)
    xTimerTaskHandle                         0x200047ac   Data           4  timers.o(.bss.xTimerTaskHandle)
    [Anonymous Symbol]                       0x200047ac   Section        0  timers.o(.bss.xTimerTaskHandle)
    xYieldPending                            0x200047b0   Data           4  tasks.o(.bss.xYieldPending)
    [Anonymous Symbol]                       0x200047b0   Section        0  tasks.o(.bss.xYieldPending)
    STACK                                    0x200047b8   Section     1024  startup_stm32f103xb.o(STACK)

    Global Symbols

    Symbol Name                              Value     Ov Type        Size  Object(Section)

    BuildAttributes$$THM_ISAv4$P$D$K$B$S$PE$A:L22UL41UL21$X:L11$S22US41US21$IEEE1$IW$~IW$USESV6$~STKCKD$USESV7$WCHAR32$ENUMINT$~SHL$OSPACE$EBA8$MICROLIB$REQ8$PRES8$EABIv2 0x00000000   Number         0  anon$$obj.o ABSOLUTE
    __cpp_initialize__aeabi_                  - Undefined Weak Reference
    __cxa_finalize                            - Undefined Weak Reference
    __decompress                              - Undefined Weak Reference
    _clock_init                               - Undefined Weak Reference
    _microlib_exit                            - Undefined Weak Reference
    __Vectors_Size                           0x000000ec   Number         0  startup_stm32f103xb.o ABSOLUTE
    __Vectors                                0x08000000   Data           4  startup_stm32f103xb.o(RESET)
    __Vectors_End                            0x080000ec   Data           0  startup_stm32f103xb.o(RESET)
    __main                                   0x080000ed   Thumb Code     0  entry.o(.ARM.Collect$$$$00000000)
    _main_stk                                0x080000ed   Thumb Code     0  entry2.o(.ARM.Collect$$$$00000001)
    _main_scatterload                        0x080000f1   Thumb Code     0  entry5.o(.ARM.Collect$$$$00000004)
    __main_after_scatterload                 0x080000f5   Thumb Code     0  entry5.o(.ARM.Collect$$$$00000004)
    _main_clock                              0x080000f5   Thumb Code     0  entry7b.o(.ARM.Collect$$$$00000008)
    _main_cpp_init                           0x080000f5   Thumb Code     0  entry8b.o(.ARM.Collect$$$$0000000A)
    _main_init                               0x080000f5   Thumb Code     0  entry9a.o(.ARM.Collect$$$$0000000B)
    __rt_final_cpp                           0x080000fd   Thumb Code     0  entry10a.o(.ARM.Collect$$$$0000000D)
    __rt_final_exit                          0x080000fd   Thumb Code     0  entry11a.o(.ARM.Collect$$$$0000000F)
    Reset_Handler                            0x08000101   Thumb Code     8  startup_stm32f103xb.o(.text)
    ADC1_2_IRQHandler                        0x0800011b   Thumb Code     0  startup_stm32f103xb.o(.text)
    CAN1_RX1_IRQHandler                      0x0800011b   Thumb Code     0  startup_stm32f103xb.o(.text)
    CAN1_SCE_IRQHandler                      0x0800011b   Thumb Code     0  startup_stm32f103xb.o(.text)
    DMA1_Channel1_IRQHandler                 0x0800011b   Thumb Code     0  startup_stm32f103xb.o(.text)
    DMA1_Channel2_IRQHandler                 0x0800011b   Thumb Code     0  startup_stm32f103xb.o(.text)
    DMA1_Channel3_IRQHandler                 0x0800011b   Thumb Code     0  startup_stm32f103xb.o(.text)
    DMA1_Channel4_IRQHandler                 0x0800011b   Thumb Code     0  startup_stm32f103xb.o(.text)
    DMA1_Channel5_IRQHandler                 0x0800011b   Thumb Code     0  startup_stm32f103xb.o(.text)
    DMA1_Channel6_IRQHandler                 0x0800011b   Thumb Code     0  startup_stm32f103xb.o(.text)
    DMA1_Channel7_IRQHandler                 0x0800011b   Thumb Code     0  startup_stm32f103xb.o(.text)
    EXTI0_IRQHandler                         0x0800011b   Thumb Code     0  startup_stm32f103xb.o(.text)
    EXTI15_10_IRQHandler                     0x0800011b   Thumb Code     0  startup_stm32f103xb.o(.text)
    EXTI1_IRQHandler                         0x0800011b   Thumb Code     0  startup_stm32f103xb.o(.text)
    EXTI2_IRQHandler                         0x0800011b   Thumb Code     0  startup_stm32f103xb.o(.text)
    EXTI3_IRQHandler                         0x0800011b   Thumb Code     0  startup_stm32f103xb.o(.text)
    EXTI4_IRQHandler                         0x0800011b   Thumb Code     0  startup_stm32f103xb.o(.text)
    EXTI9_5_IRQHandler                       0x0800011b   Thumb Code     0  startup_stm32f103xb.o(.text)
    FLASH_IRQHandler                         0x0800011b   Thumb Code     0  startup_stm32f103xb.o(.text)
    I2C1_ER_IRQHandler                       0x0800011b   Thumb Code     0  startup_stm32f103xb.o(.text)
    I2C1_EV_IRQHandler                       0x0800011b   Thumb Code     0  startup_stm32f103xb.o(.text)
    I2C2_ER_IRQHandler                       0x0800011b   Thumb Code     0  startup_stm32f103xb.o(.text)
    I2C2_EV_IRQHandler                       0x0800011b   Thumb Code     0  startup_stm32f103xb.o(.text)
    PVD_IRQHandler                           0x0800011b   Thumb Code     0  startup_stm32f103xb.o(.text)
    RCC_IRQHandler                           0x0800011b   Thumb Code     0  startup_stm32f103xb.o(.text)
    RTC_Alarm_IRQHandler                     0x0800011b   Thumb Code     0  startup_stm32f103xb.o(.text)
    RTC_IRQHandler                           0x0800011b   Thumb Code     0  startup_stm32f103xb.o(.text)
    SPI1_IRQHandler                          0x0800011b   Thumb Code     0  startup_stm32f103xb.o(.text)
    SPI2_IRQHandler                          0x0800011b   Thumb Code     0  startup_stm32f103xb.o(.text)
    TAMPER_IRQHandler                        0x0800011b   Thumb Code     0  startup_stm32f103xb.o(.text)
    TIM1_BRK_IRQHandler                      0x0800011b   Thumb Code     0  startup_stm32f103xb.o(.text)
    TIM1_CC_IRQHandler                       0x0800011b   Thumb Code     0  startup_stm32f103xb.o(.text)
    TIM1_TRG_COM_IRQHandler                  0x0800011b   Thumb Code     0  startup_stm32f103xb.o(.text)
    TIM3_IRQHandler                          0x0800011b   Thumb Code     0  startup_stm32f103xb.o(.text)
    TIM4_IRQHandler                          0x0800011b   Thumb Code     0  startup_stm32f103xb.o(.text)
    USART1_IRQHandler                        0x0800011b   Thumb Code     0  startup_stm32f103xb.o(.text)
    USART2_IRQHandler                        0x0800011b   Thumb Code     0  startup_stm32f103xb.o(.text)
    USART3_IRQHandler                        0x0800011b   Thumb Code     0  startup_stm32f103xb.o(.text)
    USBWakeUp_IRQHandler                     0x0800011b   Thumb Code     0  startup_stm32f103xb.o(.text)
    WWDG_IRQHandler                          0x0800011b   Thumb Code     0  startup_stm32f103xb.o(.text)
    __aeabi_memcpy                           0x08000125   Thumb Code    36  memcpya.o(.text)
    __aeabi_memcpy4                          0x08000125   Thumb Code     0  memcpya.o(.text)
    __aeabi_memcpy8                          0x08000125   Thumb Code     0  memcpya.o(.text)
    __aeabi_memset                           0x08000149   Thumb Code    14  memseta.o(.text)
    __aeabi_memset4                          0x08000149   Thumb Code     0  memseta.o(.text)
    __aeabi_memset8                          0x08000149   Thumb Code     0  memseta.o(.text)
    __aeabi_memclr                           0x08000157   Thumb Code     4  memseta.o(.text)
    __aeabi_memclr4                          0x08000157   Thumb Code     0  memseta.o(.text)
    __aeabi_memclr8                          0x08000157   Thumb Code     0  memseta.o(.text)
    _memset$wrapper                          0x0800015b   Thumb Code    18  memseta.o(.text)
    __scatterload                            0x0800016d   Thumb Code    28  init.o(.text)
    __scatterload_rt2                        0x0800016d   Thumb Code     0  init.o(.text)
    BusFault_Handler                         0x08000191   Thumb Code     4  stm32f1xx_it.o(.text.BusFault_Handler)
    CAN_TransmitMessage                      0x080001e5   Thumb Code    50  tasks_1.o(.text.CAN_TransmitMessage)
    DebugMon_Handler                         0x080002c5   Thumb Code     2  stm32f1xx_it.o(.text.DebugMon_Handler)
    Error_Handler                            0x08000355   Thumb Code    14  main.o(.text.Error_Handler)
    HAL_CAN_ActivateNotification             0x08000365   Thumb Code    68  stm32f1xx_hal_can.o(.text.HAL_CAN_ActivateNotification)
    HAL_CAN_AddTxMessage                     0x080003a9   Thumb Code   356  stm32f1xx_hal_can.o(.text.HAL_CAN_AddTxMessage)
    HAL_CAN_ConfigFilter                     0x0800050d   Thumb Code   380  stm32f1xx_hal_can.o(.text.HAL_CAN_ConfigFilter)
    HAL_CAN_ErrorCallback                    0x08000689   Thumb Code     8  stm32f1xx_hal_can.o(.text.HAL_CAN_ErrorCallback)
    HAL_CAN_GetRxMessage                     0x08000691   Thumb Code   488  stm32f1xx_hal_can.o(.text.HAL_CAN_GetRxMessage)
    HAL_CAN_IRQHandler                       0x08000879   Thumb Code  1028  stm32f1xx_hal_can.o(.text.HAL_CAN_IRQHandler)
    HAL_CAN_Init                             0x08000c7d   Thumb Code   466  stm32f1xx_hal_can.o(.text.HAL_CAN_Init)
    HAL_CAN_MspInit                          0x08000e51   Thumb Code   194  stm32f1xx_hal_msp.o(.text.HAL_CAN_MspInit)
    HAL_CAN_RxFifo0FullCallback              0x08000f15   Thumb Code     8  stm32f1xx_hal_can.o(.text.HAL_CAN_RxFifo0FullCallback)
    HAL_CAN_RxFifo0MsgPendingCallback        0x08000f1d   Thumb Code   460  tasks_1.o(.text.HAL_CAN_RxFifo0MsgPendingCallback)
    HAL_CAN_RxFifo1FullCallback              0x080010e9   Thumb Code     8  stm32f1xx_hal_can.o(.text.HAL_CAN_RxFifo1FullCallback)
    HAL_CAN_RxFifo1MsgPendingCallback        0x080010f1   Thumb Code     8  stm32f1xx_hal_can.o(.text.HAL_CAN_RxFifo1MsgPendingCallback)
    HAL_CAN_SleepCallback                    0x080010f9   Thumb Code     8  stm32f1xx_hal_can.o(.text.HAL_CAN_SleepCallback)
    HAL_CAN_Start                            0x08001101   Thumb Code   126  stm32f1xx_hal_can.o(.text.HAL_CAN_Start)
    HAL_CAN_TxMailbox0AbortCallback          0x08001181   Thumb Code     8  stm32f1xx_hal_can.o(.text.HAL_CAN_TxMailbox0AbortCallback)
    HAL_CAN_TxMailbox0CompleteCallback       0x08001189   Thumb Code     8  tasks_1.o(.text.HAL_CAN_TxMailbox0CompleteCallback)
    HAL_CAN_TxMailbox1AbortCallback          0x08001191   Thumb Code     8  stm32f1xx_hal_can.o(.text.HAL_CAN_TxMailbox1AbortCallback)
    HAL_CAN_TxMailbox1CompleteCallback       0x08001199   Thumb Code     8  stm32f1xx_hal_can.o(.text.HAL_CAN_TxMailbox1CompleteCallback)
    HAL_CAN_TxMailbox2AbortCallback          0x080011a1   Thumb Code     8  stm32f1xx_hal_can.o(.text.HAL_CAN_TxMailbox2AbortCallback)
    HAL_CAN_TxMailbox2CompleteCallback       0x080011a9   Thumb Code     8  stm32f1xx_hal_can.o(.text.HAL_CAN_TxMailbox2CompleteCallback)
    HAL_CAN_WakeUpFromRxMsgCallback          0x080011b1   Thumb Code     8  stm32f1xx_hal_can.o(.text.HAL_CAN_WakeUpFromRxMsgCallback)
    HAL_GPIO_Init                            0x080011b9   Thumb Code   814  stm32f1xx_hal_gpio.o(.text.HAL_GPIO_Init)
    HAL_GPIO_ReadPin                         0x080014e9   Thumb Code    42  stm32f1xx_hal_gpio.o(.text.HAL_GPIO_ReadPin)
    HAL_GPIO_TogglePin                       0x08001515   Thumb Code    42  stm32f1xx_hal_gpio.o(.text.HAL_GPIO_TogglePin)
    HAL_GPIO_WritePin                        0x08001541   Thumb Code    46  stm32f1xx_hal_gpio.o(.text.HAL_GPIO_WritePin)
    HAL_GetTick                              0x08001571   Thumb Code    12  stm32f1xx_hal.o(.text.HAL_GetTick)
    HAL_IncTick                              0x0800157d   Thumb Code    26  stm32f1xx_hal.o(.text.HAL_IncTick)
    HAL_Init                                 0x08001599   Thumb Code    44  stm32f1xx_hal.o(.text.HAL_Init)
    HAL_InitTick                             0x080015c5   Thumb Code   180  stm32f1xx_hal_timebase_tim.o(.text.HAL_InitTick)
    HAL_MspInit                              0x08001679   Thumb Code   100  stm32f1xx_hal_msp.o(.text.HAL_MspInit)
    HAL_NVIC_EnableIRQ                       0x080016dd   Thumb Code    16  stm32f1xx_hal_cortex.o(.text.HAL_NVIC_EnableIRQ)
    HAL_NVIC_SetPriority                     0x080016ed   Thumb Code    56  stm32f1xx_hal_cortex.o(.text.HAL_NVIC_SetPriority)
    HAL_NVIC_SetPriorityGrouping             0x08001725   Thumb Code    16  stm32f1xx_hal_cortex.o(.text.HAL_NVIC_SetPriorityGrouping)
    HAL_RCC_ClockConfig                      0x08001735   Thumb Code   582  stm32f1xx_hal_rcc.o(.text.HAL_RCC_ClockConfig)
    HAL_RCC_GetClockConfig                   0x0800197d   Thumb Code    84  stm32f1xx_hal_rcc.o(.text.HAL_RCC_GetClockConfig)
    HAL_RCC_GetHCLKFreq                      0x080019d1   Thumb Code    12  stm32f1xx_hal_rcc.o(.text.HAL_RCC_GetHCLKFreq)
    HAL_RCC_GetPCLK2Freq                     0x080019dd   Thumb Code    34  stm32f1xx_hal_rcc.o(.text.HAL_RCC_GetPCLK2Freq)
    HAL_RCC_GetSysClockFreq                  0x08001a01   Thumb Code   232  stm32f1xx_hal_rcc.o(.text.HAL_RCC_GetSysClockFreq)
    HAL_RCC_OscConfig                        0x08001ae9   Thumb Code  1628  stm32f1xx_hal_rcc.o(.text.HAL_RCC_OscConfig)
    HAL_TIMEx_BreakCallback                  0x08002145   Thumb Code     8  stm32f1xx_hal_tim_ex.o(.text.HAL_TIMEx_BreakCallback)
    HAL_TIMEx_CommutCallback                 0x0800214d   Thumb Code     8  stm32f1xx_hal_tim_ex.o(.text.HAL_TIMEx_CommutCallback)
    HAL_TIMEx_MasterConfigSynchronization    0x08002155   Thumb Code   204  stm32f1xx_hal_tim_ex.o(.text.HAL_TIMEx_MasterConfigSynchronization)
    HAL_TIM_Base_Init                        0x08002221   Thumb Code   134  stm32f1xx_hal_tim.o(.text.HAL_TIM_Base_Init)
    HAL_TIM_Base_MspInit                     0x080022a9   Thumb Code   124  stm32f1xx_hal_msp.o(.text.HAL_TIM_Base_MspInit)
    HAL_TIM_Base_Start                       0x08002325   Thumb Code   154  stm32f1xx_hal_tim.o(.text.HAL_TIM_Base_Start)
    HAL_TIM_Base_Start_IT                    0x080023c1   Thumb Code   166  stm32f1xx_hal_tim.o(.text.HAL_TIM_Base_Start_IT)
    HAL_TIM_Base_Stop                        0x08002469   Thumb Code    68  stm32f1xx_hal_tim.o(.text.HAL_TIM_Base_Stop)
    HAL_TIM_Base_Stop_IT                     0x080024ad   Thumb Code    80  stm32f1xx_hal_tim.o(.text.HAL_TIM_Base_Stop_IT)
    HAL_TIM_ConfigClockSource                0x080024fd   Thumb Code   390  stm32f1xx_hal_tim.o(.text.HAL_TIM_ConfigClockSource)
    HAL_TIM_IC_CaptureCallback               0x08002685   Thumb Code     8  stm32f1xx_hal_tim.o(.text.HAL_TIM_IC_CaptureCallback)
    HAL_TIM_IRQHandler                       0x0800268d   Thumb Code   642  stm32f1xx_hal_tim.o(.text.HAL_TIM_IRQHandler)
    HAL_TIM_OC_DelayElapsedCallback          0x08002911   Thumb Code     8  stm32f1xx_hal_tim.o(.text.HAL_TIM_OC_DelayElapsedCallback)
    HAL_TIM_PWM_PulseFinishedCallback        0x08002919   Thumb Code     8  stm32f1xx_hal_tim.o(.text.HAL_TIM_PWM_PulseFinishedCallback)
    HAL_TIM_PeriodElapsedCallback            0x08002921   Thumb Code    70  main.o(.text.HAL_TIM_PeriodElapsedCallback)
    HAL_TIM_TriggerCallback                  0x08002969   Thumb Code     8  stm32f1xx_hal_tim.o(.text.HAL_TIM_TriggerCallback)
    HardFault_Handler                        0x08002971   Thumb Code     4  stm32f1xx_it.o(.text.HardFault_Handler)
    MemManage_Handler                        0x08002c51   Thumb Code     4  stm32f1xx_it.o(.text.MemManage_Handler)
    NMI_Handler                              0x08002c55   Thumb Code     4  stm32f1xx_it.o(.text.NMI_Handler)
    PendSV_Handler                           0x08002cd1   Thumb Code    68  port.o(.text.PendSV_Handler)
    SVC_Handler                              0x08002d71   Thumb Code    36  port.o(.text.SVC_Handler)
    StartStopEngineButtonHandle              0x08002dfd   Thumb Code   530  tasks_1.o(.text.StartStopEngineButtonHandle)
    StartStopEngineInit                      0x080030dd   Thumb Code    16  tasks_1.o(.text.StartStopEngineInit)
    StartStopEngineStarterTimingControl      0x080030ed   Thumb Code   162  tasks_1.o(.text.StartStopEngineStarterTimingControl)
    StartStopEngineStateControl              0x08003191   Thumb Code   538  tasks_1.o(.text.StartStopEngineStateControl)
    StartStopFeatureSwitchControl            0x0800343d   Thumb Code   356  tasks_1.o(.text.StartStopFeatureSwitchControl)
    SysTick_Handler                          0x08003625   Thumb Code    62  port.o(.text.SysTick_Handler)
    SystemClock_Config                       0x08003665   Thumb Code   118  main.o(.text.SystemClock_Config)
    SystemInit                               0x080036dd   Thumb Code     2  system_stm32f1xx.o(.text.SystemInit)
    TIM1_UP_IRQHandler                       0x080036e1   Thumb Code    16  stm32f1xx_it.o(.text.TIM1_UP_IRQHandler)
    TIM2_IRQHandler                          0x080036f1   Thumb Code    16  stm32f1xx_it.o(.text.TIM2_IRQHandler)
    TIM_Base_SetConfig                       0x08003701   Thumb Code   240  stm32f1xx_hal_tim.o(.text.TIM_Base_SetConfig)
    TIM_ETR_SetConfig                        0x080037f1   Thumb Code    52  stm32f1xx_hal_tim.o(.text.TIM_ETR_SetConfig)
    USB_HP_CAN1_TX_IRQHandler                0x08003925   Thumb Code    16  stm32f1xx_it.o(.text.USB_HP_CAN1_TX_IRQHandler)
    USB_LP_CAN1_RX0_IRQHandler               0x08003935   Thumb Code    16  stm32f1xx_it.o(.text.USB_LP_CAN1_RX0_IRQHandler)
    UsageFault_Handler                       0x08003945   Thumb Code     4  stm32f1xx_it.o(.text.UsageFault_Handler)
    main                                     0x080039fd   Thumb Code    46  main.o(.text.main)
    pvPortMalloc                             0x08004669   Thumb Code   206  heap_1.o(.text.pvPortMalloc)
    pxPortInitialiseStack                    0x08004739   Thumb Code    80  port.o(.text.pxPortInitialiseStack)
    uxListRemove                             0x08004789   Thumb Code    72  list.o(.text.uxListRemove)
    vListInitialise                          0x080047d1   Thumb Code    46  list.o(.text.vListInitialise)
    vListInitialiseItem                      0x08004801   Thumb Code    14  list.o(.text.vListInitialiseItem)
    vListInsert                              0x08004811   Thumb Code   108  list.o(.text.vListInsert)
    vListInsertEnd                           0x0800487d   Thumb Code    58  list.o(.text.vListInsertEnd)
    vPortEnterCritical                       0x080048b9   Thumb Code    48  port.o(.text.vPortEnterCritical)
    vPortExitCritical                        0x080048e9   Thumb Code    40  port.o(.text.vPortExitCritical)
    vPortFree                                0x08004911   Thumb Code     8  heap_1.o(.text.vPortFree)
    vPortSetupTimerInterrupt                 0x08004919   Thumb Code    46  port.o(.text.vPortSetupTimerInterrupt)
    vQueueWaitForMessageRestricted           0x08004949   Thumb Code   106  queue.o(.text.vQueueWaitForMessageRestricted)
    vTaskDelayUntil                          0x080049b5   Thumb Code   188  tasks.o(.text.vTaskDelayUntil)
    vTaskInternalSetTimeOutState             0x08004a71   Thumb Code    36  tasks.o(.text.vTaskInternalSetTimeOutState)
    vTaskMissedYield                         0x08004a95   Thumb Code    14  tasks.o(.text.vTaskMissedYield)
    vTaskPlaceOnEventList                    0x08004aa5   Thumb Code    38  tasks.o(.text.vTaskPlaceOnEventList)
    vTaskPlaceOnEventListRestricted          0x08004acd   Thumb Code    56  tasks.o(.text.vTaskPlaceOnEventListRestricted)
    vTaskSetApplicationTaskTag               0x08004b05   Thumb Code    54  tasks.o(.text.vTaskSetApplicationTaskTag)
    vTaskStartScheduler                      0x08004b3d   Thumb Code   158  tasks.o(.text.vTaskStartScheduler)
    vTaskSuspendAll                          0x08004bdd   Thumb Code    16  tasks.o(.text.vTaskSuspendAll)
    vTaskSwitchContext                       0x08004bed   Thumb Code   148  tasks.o(.text.vTaskSwitchContext)
    xPortStartScheduler                      0x08004c81   Thumb Code    64  port.o(.text.xPortStartScheduler)
    xQueueGenericCreate                      0x08004cc1   Thumb Code    86  queue.o(.text.xQueueGenericCreate)
    xQueueGenericReset                       0x08004d19   Thumb Code   164  queue.o(.text.xQueueGenericReset)
    xQueueGenericSend                        0x08004dbd   Thumb Code   382  queue.o(.text.xQueueGenericSend)
    xQueueGenericSendFromISR                 0x08004f3d   Thumb Code   198  queue.o(.text.xQueueGenericSendFromISR)
    xQueueReceive                            0x08005005   Thumb Code   364  queue.o(.text.xQueueReceive)
    xQueueSemaphoreTake                      0x08005171   Thumb Code   354  queue.o(.text.xQueueSemaphoreTake)
    xTaskCheckForTimeOut                     0x080052d5   Thumb Code   150  tasks.o(.text.xTaskCheckForTimeOut)
    xTaskCreate                              0x0800536d   Thumb Code   168  tasks.o(.text.xTaskCreate)
    xTaskGetSchedulerState                   0x08005415   Thumb Code    60  tasks.o(.text.xTaskGetSchedulerState)
    xTaskGetTickCount                        0x08005451   Thumb Code    20  tasks.o(.text.xTaskGetTickCount)
    xTaskIncrementTick                       0x08005465   Thumb Code   416  tasks.o(.text.xTaskIncrementTick)
    xTaskRemoveFromEventList                 0x08005605   Thumb Code   172  tasks.o(.text.xTaskRemoveFromEventList)
    xTaskResumeAll                           0x080056b1   Thumb Code   358  tasks.o(.text.xTaskResumeAll)
    xTimerCreateTimerTask                    0x08005819   Thumb Code    82  timers.o(.text.xTimerCreateTimerTask)
    xTimerGenericCommand                     0x0800586d   Thumb Code   152  timers.o(.text.xTimerGenericCommand)
    __scatterload_copy                       0x08005905   Thumb Code    14  handlers.o(i.__scatterload_copy)
    __scatterload_null                       0x08005913   Thumb Code     2  handlers.o(i.__scatterload_null)
    __scatterload_zeroinit                   0x08005915   Thumb Code    14  handlers.o(i.__scatterload_zeroinit)
    AHBPrescTable                            0x08005922   Data          16  system_stm32f1xx.o(.rodata.AHBPrescTable)
    APBPrescTable                            0x08005932   Data           8  system_stm32f1xx.o(.rodata.APBPrescTable)
    Region$$Table$$Base                      0x08005964   Number         0  anon$$obj.o(Region$$Table)
    Region$$Table$$Limit                     0x08005984   Number         0  anon$$obj.o(Region$$Table)
    SystemCoreClock                          0x20000004   Data           4  system_stm32f1xx.o(.data.SystemCoreClock)
    uwTickFreq                               0x20000008   Data           4  stm32f1xx_hal.o(.data.uwTickFreq)
    uwTickPrio                               0x2000000c   Data           4  stm32f1xx_hal.o(.data.uwTickPrio)
    ExternalSourceFlag                       0x20000028   Data           1  tasks_1.o(.bss.ExternalSourceFlag)
    LongPressFlag                            0x20000029   Data           1  tasks_1.o(.bss.LongPressFlag)
    NumberOfMessagesRecievedFromEcu          0x20000030   Data           8  tasks_1.o(.bss.NumberOfMessagesRecievedFromEcu)
    ReceivedCANMessage                       0x20000038   Data           8  tasks_1.o(.bss.ReceivedCANMessage)
    SSETimeControlTaskSemaphore              0x20000044   Data           4  tasks_1.o(.bss.SSETimeControlTaskSemaphore)
    hcan                                     0x20000094   Data          56  main.o(.bss.hcan)
    htim1                                    0x200000cc   Data         104  stm32f1xx_hal_timebase_tim.o(.bss.htim1)
    htim2                                    0x20000134   Data         104  main.o(.bss.htim2)
    htim3                                    0x2000019c   Data         104  main.o(.bss.htim3)
    pxCurrentTCB                             0x2000020c   Data           4  tasks.o(.bss.pxCurrentTCB)
    uwTick                                   0x200046e8   Data           4  stm32f1xx_hal.o(.bss.uwTick)
    __initial_sp                             0x20004bb8   Data           0  startup_stm32f103xb.o(STACK)



==============================================================================

Memory Map of the image

  Image Entry point : 0x080000ed

  Load Region LR_IROM1 (Base: 0x08000000, Size: 0x000059a0, Max: 0x00010000, ABSOLUTE)

    Execution Region ER_IROM1 (Exec base: 0x08000000, Load base: 0x08000000, Size: 0x00005984, Max: 0x00010000, ABSOLUTE)

    Exec Addr    Load Addr    Size         Type   Attr      Idx    E Section Name        Object

    0x08000000   0x08000000   0x000000ec   Data   RO            3    RESET               startup_stm32f103xb.o
    0x080000ec   0x080000ec   0x00000000   Code   RO         1390  * .ARM.Collect$$$$00000000  mc_w.l(entry.o)
    0x080000ec   0x080000ec   0x00000004   Code   RO         1399    .ARM.Collect$$$$00000001  mc_w.l(entry2.o)
    0x080000f0   0x080000f0   0x00000004   Code   RO         1402    .ARM.Collect$$$$00000004  mc_w.l(entry5.o)
    0x080000f4   0x080000f4   0x00000000   Code   RO         1404    .ARM.Collect$$$$00000008  mc_w.l(entry7b.o)
    0x080000f4   0x080000f4   0x00000000   Code   RO         1406    .ARM.Collect$$$$0000000A  mc_w.l(entry8b.o)
    0x080000f4   0x080000f4   0x00000008   Code   RO         1407    .ARM.Collect$$$$0000000B  mc_w.l(entry9a.o)
    0x080000fc   0x080000fc   0x00000000   Code   RO         1409    .ARM.Collect$$$$0000000D  mc_w.l(entry10a.o)
    0x080000fc   0x080000fc   0x00000000   Code   RO         1411    .ARM.Collect$$$$0000000F  mc_w.l(entry11a.o)
    0x080000fc   0x080000fc   0x00000004   Code   RO         1400    .ARM.Collect$$$$00002712  mc_w.l(entry2.o)
    0x08000100   0x08000100   0x00000024   Code   RO            4    .text               startup_stm32f103xb.o
    0x08000124   0x08000124   0x00000024   Code   RO         1393    .text               mc_w.l(memcpya.o)
    0x08000148   0x08000148   0x00000024   Code   RO         1395    .text               mc_w.l(memseta.o)
    0x0800016c   0x0800016c   0x00000024   Code   RO         1413    .text               mc_w.l(init.o)
    0x08000190   0x08000190   0x00000004   Code   RO           52    .text.BusFault_Handler  stm32f1xx_it.o
    0x08000194   0x08000194   0x00000050   Code   RO          524    .text.CAN_Filter_Config  tasks_1.o
    0x080001e4   0x080001e4   0x00000032   Code   RO          502    .text.CAN_TransmitMessage  tasks_1.o
    0x08000216   0x08000216   0x00000002   PAD
    0x08000218   0x08000218   0x000000aa   Code   RO          520    .text.CheckIfEcuIsAwake  tasks_1.o
    0x080002c2   0x080002c2   0x00000002   PAD
    0x080002c4   0x080002c4   0x00000002   Code   RO           56    .text.DebugMon_Handler  stm32f1xx_it.o
    0x080002c6   0x080002c6   0x00000002   PAD
    0x080002c8   0x080002c8   0x00000026   Code   RO          498    .text.DisableStartStopEngine  tasks_1.o
    0x080002ee   0x080002ee   0x00000002   PAD
    0x080002f0   0x080002f0   0x0000002e   Code   RO          506    .text.ECU_RpmCANRemoteFrameSend  tasks_1.o
    0x0800031e   0x0800031e   0x00000002   PAD
    0x08000320   0x08000320   0x00000034   Code   RO          510    .text.ECU_ShutdownEngine  tasks_1.o
    0x08000354   0x08000354   0x0000000e   Code   RO           25    .text.Error_Handler  main.o
    0x08000362   0x08000362   0x00000002   PAD
    0x08000364   0x08000364   0x00000044   Code   RO          604    .text.HAL_CAN_ActivateNotification  stm32f1xx_hal_can.o
    0x080003a8   0x080003a8   0x00000164   Code   RO          590    .text.HAL_CAN_AddTxMessage  stm32f1xx_hal_can.o
    0x0800050c   0x0800050c   0x0000017c   Code   RO          580    .text.HAL_CAN_ConfigFilter  stm32f1xx_hal_can.o
    0x08000688   0x08000688   0x00000008   Code   RO          634    .text.HAL_CAN_ErrorCallback  stm32f1xx_hal_can.o
    0x08000690   0x08000690   0x000001e8   Code   RO          600    .text.HAL_CAN_GetRxMessage  stm32f1xx_hal_can.o
    0x08000878   0x08000878   0x00000404   Code   RO          608    .text.HAL_CAN_IRQHandler  stm32f1xx_hal_can.o
    0x08000c7c   0x08000c7c   0x000001d2   Code   RO          570    .text.HAL_CAN_Init  stm32f1xx_hal_can.o
    0x08000e4e   0x08000e4e   0x00000002   PAD
    0x08000e50   0x08000e50   0x000000c2   Code   RO           76    .text.HAL_CAN_MspInit  stm32f1xx_hal_msp.o
    0x08000f12   0x08000f12   0x00000002   PAD
    0x08000f14   0x08000f14   0x00000008   Code   RO          622    .text.HAL_CAN_RxFifo0FullCallback  stm32f1xx_hal_can.o
    0x08000f1c   0x08000f1c   0x000001cc   Code   RO          528    .text.HAL_CAN_RxFifo0MsgPendingCallback  tasks_1.o
    0x080010e8   0x080010e8   0x00000008   Code   RO          626    .text.HAL_CAN_RxFifo1FullCallback  stm32f1xx_hal_can.o
    0x080010f0   0x080010f0   0x00000008   Code   RO          628    .text.HAL_CAN_RxFifo1MsgPendingCallback  stm32f1xx_hal_can.o
    0x080010f8   0x080010f8   0x00000008   Code   RO          630    .text.HAL_CAN_SleepCallback  stm32f1xx_hal_can.o
    0x08001100   0x08001100   0x0000007e   Code   RO          582    .text.HAL_CAN_Start  stm32f1xx_hal_can.o
    0x0800117e   0x0800117e   0x00000002   PAD
    0x08001180   0x08001180   0x00000008   Code   RO          612    .text.HAL_CAN_TxMailbox0AbortCallback  stm32f1xx_hal_can.o
    0x08001188   0x08001188   0x00000008   Code   RO          530    .text.HAL_CAN_TxMailbox0CompleteCallback  tasks_1.o
    0x08001190   0x08001190   0x00000008   Code   RO          616    .text.HAL_CAN_TxMailbox1AbortCallback  stm32f1xx_hal_can.o
    0x08001198   0x08001198   0x00000008   Code   RO          614    .text.HAL_CAN_TxMailbox1CompleteCallback  stm32f1xx_hal_can.o
    0x080011a0   0x080011a0   0x00000008   Code   RO          620    .text.HAL_CAN_TxMailbox2AbortCallback  stm32f1xx_hal_can.o
    0x080011a8   0x080011a8   0x00000008   Code   RO          618    .text.HAL_CAN_TxMailbox2CompleteCallback  stm32f1xx_hal_can.o
    0x080011b0   0x080011b0   0x00000008   Code   RO          632    .text.HAL_CAN_WakeUpFromRxMsgCallback  stm32f1xx_hal_can.o
    0x080011b8   0x080011b8   0x0000032e   Code   RO          767    .text.HAL_GPIO_Init  stm32f1xx_hal_gpio.o
    0x080014e6   0x080014e6   0x00000002   PAD
    0x080014e8   0x080014e8   0x0000002a   Code   RO          771    .text.HAL_GPIO_ReadPin  stm32f1xx_hal_gpio.o
    0x08001512   0x08001512   0x00000002   PAD
    0x08001514   0x08001514   0x0000002a   Code   RO          775    .text.HAL_GPIO_TogglePin  stm32f1xx_hal_gpio.o
    0x0800153e   0x0800153e   0x00000002   PAD
    0x08001540   0x08001540   0x0000002e   Code   RO          773    .text.HAL_GPIO_WritePin  stm32f1xx_hal_gpio.o
    0x0800156e   0x0800156e   0x00000002   PAD
    0x08001570   0x08001570   0x0000000c   Code   RO          662    .text.HAL_GetTick   stm32f1xx_hal.o
    0x0800157c   0x0800157c   0x0000001a   Code   RO          660    .text.HAL_IncTick   stm32f1xx_hal.o
    0x08001596   0x08001596   0x00000002   PAD
    0x08001598   0x08001598   0x0000002c   Code   RO          650    .text.HAL_Init      stm32f1xx_hal.o
    0x080015c4   0x080015c4   0x000000b4   Code   RO           92    .text.HAL_InitTick  stm32f1xx_hal_timebase_tim.o
    0x08001678   0x08001678   0x00000064   Code   RO           74    .text.HAL_MspInit   stm32f1xx_hal_msp.o
    0x080016dc   0x080016dc   0x00000010   Code   RO          837    .text.HAL_NVIC_EnableIRQ  stm32f1xx_hal_cortex.o
    0x080016ec   0x080016ec   0x00000038   Code   RO          829    .text.HAL_NVIC_SetPriority  stm32f1xx_hal_cortex.o
    0x08001724   0x08001724   0x00000010   Code   RO          825    .text.HAL_NVIC_SetPriorityGrouping  stm32f1xx_hal_cortex.o
    0x08001734   0x08001734   0x00000246   Code   RO          717    .text.HAL_RCC_ClockConfig  stm32f1xx_hal_rcc.o
    0x0800197a   0x0800197a   0x00000002   PAD
    0x0800197c   0x0800197c   0x00000054   Code   RO          735    .text.HAL_RCC_GetClockConfig  stm32f1xx_hal_rcc.o
    0x080019d0   0x080019d0   0x0000000c   Code   RO          727    .text.HAL_RCC_GetHCLKFreq  stm32f1xx_hal_rcc.o
    0x080019dc   0x080019dc   0x00000022   Code   RO          731    .text.HAL_RCC_GetPCLK2Freq  stm32f1xx_hal_rcc.o
    0x080019fe   0x080019fe   0x00000002   PAD
    0x08001a00   0x08001a00   0x000000e8   Code   RO          719    .text.HAL_RCC_GetSysClockFreq  stm32f1xx_hal_rcc.o
    0x08001ae8   0x08001ae8   0x0000065c   Code   RO          713    .text.HAL_RCC_OscConfig  stm32f1xx_hal_rcc.o
    0x08002144   0x08002144   0x00000008   Code   RO         1362    .text.HAL_TIMEx_BreakCallback  stm32f1xx_hal_tim_ex.o
    0x0800214c   0x0800214c   0x00000008   Code   RO         1358    .text.HAL_TIMEx_CommutCallback  stm32f1xx_hal_tim_ex.o
    0x08002154   0x08002154   0x000000cc   Code   RO         1352    .text.HAL_TIMEx_MasterConfigSynchronization  stm32f1xx_hal_tim_ex.o
    0x08002220   0x08002220   0x00000086   Code   RO         1038    .text.HAL_TIM_Base_Init  stm32f1xx_hal_tim.o
    0x080022a6   0x080022a6   0x00000002   PAD
    0x080022a8   0x080022a8   0x0000007c   Code   RO           80    .text.HAL_TIM_Base_MspInit  stm32f1xx_hal_msp.o
    0x08002324   0x08002324   0x0000009a   Code   RO         1048    .text.HAL_TIM_Base_Start  stm32f1xx_hal_tim.o
    0x080023be   0x080023be   0x00000002   PAD
    0x080023c0   0x080023c0   0x000000a6   Code   RO         1052    .text.HAL_TIM_Base_Start_IT  stm32f1xx_hal_tim.o
    0x08002466   0x08002466   0x00000002   PAD
    0x08002468   0x08002468   0x00000044   Code   RO         1050    .text.HAL_TIM_Base_Stop  stm32f1xx_hal_tim.o
    0x080024ac   0x080024ac   0x00000050   Code   RO         1054    .text.HAL_TIM_Base_Stop_IT  stm32f1xx_hal_tim.o
    0x080024fc   0x080024fc   0x00000186   Code   RO         1230    .text.HAL_TIM_ConfigClockSource  stm32f1xx_hal_tim.o
    0x08002682   0x08002682   0x00000002   PAD
    0x08002684   0x08002684   0x00000008   Code   RO         1174    .text.HAL_TIM_IC_CaptureCallback  stm32f1xx_hal_tim.o
    0x0800268c   0x0800268c   0x00000282   Code   RO         1172    .text.HAL_TIM_IRQHandler  stm32f1xx_hal_tim.o
    0x0800290e   0x0800290e   0x00000002   PAD
    0x08002910   0x08002910   0x00000008   Code   RO         1176    .text.HAL_TIM_OC_DelayElapsedCallback  stm32f1xx_hal_tim.o
    0x08002918   0x08002918   0x00000008   Code   RO         1178    .text.HAL_TIM_PWM_PulseFinishedCallback  stm32f1xx_hal_tim.o
    0x08002920   0x08002920   0x00000046   Code   RO           27    .text.HAL_TIM_PeriodElapsedCallback  main.o
    0x08002966   0x08002966   0x00000002   PAD
    0x08002968   0x08002968   0x00000008   Code   RO         1182    .text.HAL_TIM_TriggerCallback  stm32f1xx_hal_tim.o
    0x08002970   0x08002970   0x00000004   Code   RO           48    .text.HardFault_Handler  stm32f1xx_it.o
    0x08002974   0x08002974   0x00000048   Code   RO           21    .text.MX_CAN_Init   main.o
    0x080029bc   0x080029bc   0x00000180   Code   RO           17    .text.MX_GPIO_Init  main.o
    0x08002b3c   0x08002b3c   0x00000088   Code   RO           19    .text.MX_TIM2_Init  main.o
    0x08002bc4   0x08002bc4   0x0000008c   Code   RO           23    .text.MX_TIM3_Init  main.o
    0x08002c50   0x08002c50   0x00000004   Code   RO           50    .text.MemManage_Handler  stm32f1xx_it.o
    0x08002c54   0x08002c54   0x00000004   Code   RO           46    .text.NMI_Handler   stm32f1xx_it.o
    0x08002c58   0x08002c58   0x0000006e   Code   RO          835    .text.NVIC_EncodePriority  stm32f1xx_hal_cortex.o
    0x08002cc6   0x08002cc6   0x0000000a   PAD
    0x08002cd0   0x08002cd0   0x00000044   Code   RO          456    .text.PendSV_Handler  port.o
    0x08002d14   0x08002d14   0x0000003a   Code   RO          715    .text.RCC_Delay     stm32f1xx_hal_rcc.o
    0x08002d4e   0x08002d4e   0x00000002   PAD
    0x08002d50   0x08002d50   0x0000001e   Code   RO          518    .text.ReadBreakSwitch  tasks_1.o
    0x08002d6e   0x08002d6e   0x00000002   PAD
    0x08002d70   0x08002d70   0x00000024   Code   RO          442    .text.SVC_Handler   port.o
    0x08002d94   0x08002d94   0x00000068   Code   RO          508    .text.StartStarterMotor  tasks_1.o
    0x08002dfc   0x08002dfc   0x00000212   Code   RO          516    .text.StartStopEngineButtonHandle  tasks_1.o
    0x0800300e   0x0800300e   0x00000002   PAD
    0x08003010   0x08003010   0x000000ca   Code   RO          526    .text.StartStopEngineCreateAllTasks  tasks_1.o
    0x080030da   0x080030da   0x00000002   PAD
    0x080030dc   0x080030dc   0x00000010   Code   RO          522    .text.StartStopEngineInit  tasks_1.o
    0x080030ec   0x080030ec   0x000000a2   Code   RO          512    .text.StartStopEngineStarterTimingControl  tasks_1.o
    0x0800318e   0x0800318e   0x00000002   PAD
    0x08003190   0x08003190   0x0000021a   Code   RO          504    .text.StartStopEngineStateControl  tasks_1.o
    0x080033aa   0x080033aa   0x00000002   PAD
    0x080033ac   0x080033ac   0x0000008e   Code   RO          492    .text.StartStopEngine_Init  tasks_1.o
    0x0800343a   0x0800343a   0x00000002   PAD
    0x0800343c   0x0800343c   0x00000164   Code   RO          488    .text.StartStopFeatureSwitchControl  tasks_1.o
    0x080035a0   0x080035a0   0x0000003a   Code   RO          514    .text.StarterMotorHold  tasks_1.o
    0x080035da   0x080035da   0x00000002   PAD
    0x080035dc   0x080035dc   0x00000016   Code   RO          490    .text.StarterMotorReset  tasks_1.o
    0x080035f2   0x080035f2   0x00000002   PAD
    0x080035f4   0x080035f4   0x0000002e   Code   RO          496    .text.StopStarterMotor  tasks_1.o
    0x08003622   0x08003622   0x00000002   PAD
    0x08003624   0x08003624   0x0000003e   Code   RO          458    .text.SysTick_Handler  port.o
    0x08003662   0x08003662   0x00000002   PAD
    0x08003664   0x08003664   0x00000076   Code   RO           15    .text.SystemClock_Config  main.o
    0x080036da   0x080036da   0x00000002   PAD
    0x080036dc   0x080036dc   0x00000002   Code   RO         1376    .text.SystemInit    system_stm32f1xx.o
    0x080036de   0x080036de   0x00000002   PAD
    0x080036e0   0x080036e0   0x00000010   Code   RO           62    .text.TIM1_UP_IRQHandler  stm32f1xx_it.o
    0x080036f0   0x080036f0   0x00000010   Code   RO           64    .text.TIM2_IRQHandler  stm32f1xx_it.o
    0x08003700   0x08003700   0x000000f0   Code   RO         1042    .text.TIM_Base_SetConfig  stm32f1xx_hal_tim.o
    0x080037f0   0x080037f0   0x00000034   Code   RO         1228    .text.TIM_ETR_SetConfig  stm32f1xx_hal_tim.o
    0x08003824   0x08003824   0x0000002a   Code   RO         1234    .text.TIM_ITRx_SetConfig  stm32f1xx_hal_tim.o
    0x0800384e   0x0800384e   0x00000002   PAD
    0x08003850   0x08003850   0x00000050   Code   RO         1232    .text.TIM_TI1_ConfigInputStage  stm32f1xx_hal_tim.o
    0x080038a0   0x080038a0   0x00000052   Code   RO         1236    .text.TIM_TI2_ConfigInputStage  stm32f1xx_hal_tim.o
    0x080038f2   0x080038f2   0x00000002   PAD
    0x080038f4   0x080038f4   0x00000016   Code   RO          500    .text.TurnOffSSEButtonLed  tasks_1.o
    0x0800390a   0x0800390a   0x00000002   PAD
    0x0800390c   0x0800390c   0x00000016   Code   RO          494    .text.TurnOnSSEButtonLed  tasks_1.o
    0x08003922   0x08003922   0x00000002   PAD
    0x08003924   0x08003924   0x00000010   Code   RO           58    .text.USB_HP_CAN1_TX_IRQHandler  stm32f1xx_it.o
    0x08003934   0x08003934   0x00000010   Code   RO           60    .text.USB_LP_CAN1_RX0_IRQHandler  stm32f1xx_it.o
    0x08003944   0x08003944   0x00000004   Code   RO           54    .text.UsageFault_Handler  stm32f1xx_it.o
    0x08003948   0x08003948   0x0000002c   Code   RO          839    .text.__NVIC_EnableIRQ  stm32f1xx_hal_cortex.o
    0x08003974   0x08003974   0x00000010   Code   RO          831    .text.__NVIC_GetPriorityGrouping  stm32f1xx_hal_cortex.o
    0x08003984   0x08003984   0x0000003a   Code   RO          833    .text.__NVIC_SetPriority  stm32f1xx_hal_cortex.o
    0x080039be   0x080039be   0x00000002   PAD
    0x080039c0   0x080039c0   0x0000003c   Code   RO          827    .text.__NVIC_SetPriorityGrouping  stm32f1xx_hal_cortex.o
    0x080039fc   0x080039fc   0x0000002e   Code   RO           13    .text.main          main.o
    0x08003a2a   0x08003a2a   0x00000002   PAD
    0x08003a2c   0x08003a2c   0x000000fc   Code   RO          238    .text.prvAddCurrentTaskToDelayedList  tasks.o
    0x08003b28   0x08003b28   0x00000122   Code   RO          226    .text.prvAddNewTaskToReadyList  tasks.o
    0x08003c4a   0x08003c4a   0x00000002   PAD
    0x08003c4c   0x08003c4c   0x0000006c   Code   RO          372    .text.prvCheckForValidListAndQueue  timers.o
    0x08003cb8   0x08003cb8   0x0000005e   Code   RO          338    .text.prvCheckTasksWaitingTermination  tasks.o
    0x08003d16   0x08003d16   0x00000002   PAD
    0x08003d18   0x08003d18   0x0000004a   Code   RO          182    .text.prvCopyDataFromQueue  queue.o
    0x08003d62   0x08003d62   0x00000002   PAD
    0x08003d64   0x08003d64   0x000000c2   Code   RO          170    .text.prvCopyDataToQueue  queue.o
    0x08003e26   0x08003e26   0x00000002   PAD
    0x08003e28   0x08003e28   0x00000018   Code   RO          230    .text.prvDeleteTCB  tasks.o
    0x08003e40   0x08003e40   0x00000042   Code   RO          408    .text.prvGetNextExpireTime  timers.o
    0x08003e82   0x08003e82   0x00000002   PAD
    0x08003e84   0x08003e84   0x00000038   Code   RO          264    .text.prvIdleTask   tasks.o
    0x08003ebc   0x08003ebc   0x0000004c   Code   RO          166    .text.prvInitialiseNewQueue  queue.o
    0x08003f08   0x08003f08   0x00000106   Code   RO          224    .text.prvInitialiseNewTask  tasks.o
    0x0800400e   0x0800400e   0x00000002   PAD
    0x08004010   0x08004010   0x0000008e   Code   RO          336    .text.prvInitialiseTaskLists  tasks.o
    0x0800409e   0x0800409e   0x00000002   PAD
    0x080040a0   0x080040a0   0x00000086   Code   RO          420    .text.prvInsertTimerInActiveList  timers.o
    0x08004126   0x08004126   0x00000002   PAD
    0x08004128   0x08004128   0x0000002a   Code   RO          184    .text.prvIsQueueEmpty  queue.o
    0x08004152   0x08004152   0x00000002   PAD
    0x08004154   0x08004154   0x0000002e   Code   RO          172    .text.prvIsQueueFull  queue.o
    0x08004182   0x08004182   0x00000002   PAD
    0x08004184   0x08004184   0x00000020   Code   RO          448    .text.prvPortStartFirstTask  port.o
    0x080041a4   0x080041a4   0x0000007c   Code   RO          416    .text.prvProcessExpiredTimer  timers.o
    0x08004220   0x08004220   0x00000158   Code   RO          412    .text.prvProcessReceivedCommands  timers.o
    0x08004378   0x08004378   0x000000a8   Code   RO          410    .text.prvProcessTimerOrBlockTask  timers.o
    0x08004420   0x08004420   0x00000048   Code   RO          232    .text.prvResetNextTaskUnblockTime  tasks.o
    0x08004468   0x08004468   0x00000044   Code   RO          414    .text.prvSampleTimeNow  timers.o
    0x080044ac   0x080044ac   0x000000bc   Code   RO          418    .text.prvSwitchTimerLists  timers.o
    0x08004568   0x08004568   0x00000028   Code   RO          440    .text.prvTaskExitError  port.o
    0x08004590   0x08004590   0x0000001e   Code   RO          374    .text.prvTimerTask  timers.o
    0x080045ae   0x080045ae   0x00000002   PAD
    0x080045b0   0x080045b0   0x000000b6   Code   RO          174    .text.prvUnlockQueue  queue.o
    0x08004666   0x08004666   0x00000002   PAD
    0x08004668   0x08004668   0x000000ce   Code   RO          469    .text.pvPortMalloc  heap_1.o
    0x08004736   0x08004736   0x00000002   PAD
    0x08004738   0x08004738   0x00000050   Code   RO          438    .text.pxPortInitialiseStack  port.o
    0x08004788   0x08004788   0x00000048   Code   RO          152    .text.uxListRemove  list.o
    0x080047d0   0x080047d0   0x0000002e   Code   RO          144    .text.vListInitialise  list.o
    0x080047fe   0x080047fe   0x00000002   PAD
    0x08004800   0x08004800   0x0000000e   Code   RO          146    .text.vListInitialiseItem  list.o
    0x0800480e   0x0800480e   0x00000002   PAD
    0x08004810   0x08004810   0x0000006c   Code   RO          150    .text.vListInsert   list.o
    0x0800487c   0x0800487c   0x0000003a   Code   RO          148    .text.vListInsertEnd  list.o
    0x080048b6   0x080048b6   0x00000002   PAD
    0x080048b8   0x080048b8   0x00000030   Code   RO          452    .text.vPortEnterCritical  port.o
    0x080048e8   0x080048e8   0x00000028   Code   RO          454    .text.vPortExitCritical  port.o
    0x08004910   0x08004910   0x00000008   Code   RO          471    .text.vPortFree     heap_1.o
    0x08004918   0x08004918   0x0000002e   Code   RO          446    .text.vPortSetupTimerInterrupt  port.o
    0x08004946   0x08004946   0x00000002   PAD
    0x08004948   0x08004948   0x0000006a   Code   RO          212    .text.vQueueWaitForMessageRestricted  queue.o
    0x080049b2   0x080049b2   0x00000002   PAD
    0x080049b4   0x080049b4   0x000000bc   Code   RO          234    .text.vTaskDelayUntil  tasks.o
    0x08004a70   0x08004a70   0x00000024   Code   RO          304    .text.vTaskInternalSetTimeOutState  tasks.o
    0x08004a94   0x08004a94   0x0000000e   Code   RO          308    .text.vTaskMissedYield  tasks.o
    0x08004aa2   0x08004aa2   0x00000002   PAD
    0x08004aa4   0x08004aa4   0x00000026   Code   RO          292    .text.vTaskPlaceOnEventList  tasks.o
    0x08004aca   0x08004aca   0x00000002   PAD
    0x08004acc   0x08004acc   0x00000038   Code   RO          296    .text.vTaskPlaceOnEventListRestricted  tasks.o
    0x08004b04   0x08004b04   0x00000036   Code   RO          284    .text.vTaskSetApplicationTaskTag  tasks.o
    0x08004b3a   0x08004b3a   0x00000002   PAD
    0x08004b3c   0x08004b3c   0x0000009e   Code   RO          262    .text.vTaskStartScheduler  tasks.o
    0x08004bda   0x08004bda   0x00000002   PAD
    0x08004bdc   0x08004bdc   0x00000010   Code   RO          236    .text.vTaskSuspendAll  tasks.o
    0x08004bec   0x08004bec   0x00000094   Code   RO          254    .text.vTaskSwitchContext  tasks.o
    0x08004c80   0x08004c80   0x00000040   Code   RO          444    .text.xPortStartScheduler  port.o
    0x08004cc0   0x08004cc0   0x00000056   Code   RO          164    .text.xQueueGenericCreate  queue.o
    0x08004d16   0x08004d16   0x00000002   PAD
    0x08004d18   0x08004d18   0x000000a4   Code   RO          162    .text.xQueueGenericReset  queue.o
    0x08004dbc   0x08004dbc   0x0000017e   Code   RO          168    .text.xQueueGenericSend  queue.o
    0x08004f3a   0x08004f3a   0x00000002   PAD
    0x08004f3c   0x08004f3c   0x000000c6   Code   RO          176    .text.xQueueGenericSendFromISR  queue.o
    0x08005002   0x08005002   0x00000002   PAD
    0x08005004   0x08005004   0x0000016c   Code   RO          180    .text.xQueueReceive  queue.o
    0x08005170   0x08005170   0x00000162   Code   RO          186    .text.xQueueSemaphoreTake  queue.o
    0x080052d2   0x080052d2   0x00000002   PAD
    0x080052d4   0x080052d4   0x00000096   Code   RO          306    .text.xTaskCheckForTimeOut  tasks.o
    0x0800536a   0x0800536a   0x00000002   PAD
    0x0800536c   0x0800536c   0x000000a8   Code   RO          222    .text.xTaskCreate   tasks.o
    0x08005414   0x08005414   0x0000003c   Code   RO          318    .text.xTaskGetSchedulerState  tasks.o
    0x08005450   0x08005450   0x00000014   Code   RO          270    .text.xTaskGetTickCount  tasks.o
    0x08005464   0x08005464   0x000001a0   Code   RO          268    .text.xTaskIncrementTick  tasks.o
    0x08005604   0x08005604   0x000000ac   Code   RO          298    .text.xTaskRemoveFromEventList  tasks.o
    0x080056b0   0x080056b0   0x00000166   Code   RO          240    .text.xTaskResumeAll  tasks.o
    0x08005816   0x08005816   0x00000002   PAD
    0x08005818   0x08005818   0x00000052   Code   RO          370    .text.xTimerCreateTimerTask  timers.o
    0x0800586a   0x0800586a   0x00000002   PAD
    0x0800586c   0x0800586c   0x00000098   Code   RO          380    .text.xTimerGenericCommand  timers.o
    0x08005904   0x08005904   0x0000000e   Code   RO         1417    i.__scatterload_copy  mc_w.l(handlers.o)
    0x08005912   0x08005912   0x00000002   Code   RO         1418    i.__scatterload_null  mc_w.l(handlers.o)
    0x08005914   0x08005914   0x0000000e   Code   RO         1419    i.__scatterload_zeroinit  mc_w.l(handlers.o)
    0x08005922   0x08005922   0x00000010   Data   RO         1381    .rodata.AHBPrescTable  system_stm32f1xx.o
    0x08005932   0x08005932   0x00000008   Data   RO         1382    .rodata.APBPrescTable  system_stm32f1xx.o
    0x0800593a   0x0800593a   0x00000005   Data   RO          354    .rodata.str1.1      tasks.o
    0x0800593f   0x0800593f   0x00000008   Data   RO          423    .rodata.str1.1      timers.o
    0x08005947   0x08005947   0x0000001c   Data   RO          543    .rodata.str1.1      tasks_1.o
    0x08005963   0x08005963   0x00000001   PAD
    0x08005964   0x08005964   0x00000020   Data   RO         1416    Region$$Table       anon$$obj.o


    Execution Region RW_IRAM1 (Exec base: 0x20000000, Load base: 0x08005988, Size: 0x00004bb8, Max: 0x00005000, ABSOLUTE)

    Exec Addr    Load Addr    Size         Type   Attr      Idx    E Section Name        Object

    0x20000000   0x08005988   0x00000001   Data   RW          534    .data.StartStopFeatureSwitchControl.PrvState  tasks_1.o
    0x20000001   0x08005989   0x00000003   PAD
    0x20000004   0x0800598c   0x00000004   Data   RW         1380    .data.SystemCoreClock  system_stm32f1xx.o
    0x20000008   0x08005990   0x00000004   Data   RW          701    .data.uwTickFreq    stm32f1xx_hal.o
    0x2000000c   0x08005994   0x00000004   Data   RW          700    .data.uwTickPrio    stm32f1xx_hal.o
    0x20000010   0x08005998   0x00000004   Data   RW          460    .data.uxCriticalNesting  port.o
    0x20000014   0x0800599c   0x00000004   PAD
    0x20000018        -       0x00000008   Zero   RW          541    .bss.CheckIfEcuIsAwake.PrvNumber  tasks_1.o
    0x20000020        -       0x00000008   Zero   RW          542    .bss.CheckIfEcuIsAwake.Tries  tasks_1.o
    0x20000028        -       0x00000001   Zero   RW          535    .bss.ExternalSourceFlag  tasks_1.o
    0x20000029        -       0x00000001   Zero   RW          532    .bss.LongPressFlag  tasks_1.o
    0x2000002a   0x0800599c   0x00000006   PAD
    0x20000030        -       0x00000008   Zero   RW          540    .bss.NumberOfMessagesRecievedFromEcu  tasks_1.o
    0x20000038        -       0x00000008   Zero   RW          539    .bss.ReceivedCANMessage  tasks_1.o
    0x20000040        -       0x00000004   Zero   RW          537    .bss.SSEStateControlTaskSemaphore  tasks_1.o
    0x20000044        -       0x00000004   Zero   RW          533    .bss.SSETimeControlTaskSemaphore  tasks_1.o
    0x20000048        -       0x0000001c   Zero   RW          538    .bss.SSE_CANRxHeader  tasks_1.o
    0x20000064        -       0x00000020   Zero   RW          536    .bss.StartStopEngineInfo  tasks_1.o
    0x20000084        -       0x00000004   Zero   RW          546    .bss.StartStopFeatureSwitchControlHandler  tasks_1.o
    0x20000088        -       0x00000004   Zero   RW          547    .bss.StartStopReadButtonHandler  tasks_1.o
    0x2000008c        -       0x00000004   Zero   RW          544    .bss.StartStopStateControlHandler  tasks_1.o
    0x20000090        -       0x00000004   Zero   RW          545    .bss.StartStopTimeControlHandler  tasks_1.o
    0x20000094        -       0x00000038   Zero   RW           32    .bss.hcan           main.o
    0x200000cc        -       0x00000068   Zero   RW           98    .bss.htim1          stm32f1xx_hal_timebase_tim.o
    0x20000134        -       0x00000068   Zero   RW           34    .bss.htim2          main.o
    0x2000019c        -       0x00000068   Zero   RW           35    .bss.htim3          main.o
    0x20000204        -       0x00000004   Zero   RW          427    .bss.prvSampleTimeNow.xLastTime  timers.o
    0x20000208        -       0x00000004   Zero   RW          477    .bss.pvPortMalloc.pucAlignedHeap  heap_1.o
    0x2000020c        -       0x00000004   Zero   RW          340    .bss.pxCurrentTCB   tasks.o
    0x20000210        -       0x00000004   Zero   RW          425    .bss.pxCurrentTimerList  timers.o
    0x20000214        -       0x00000004   Zero   RW          349    .bss.pxDelayedTaskList  tasks.o
    0x20000218        -       0x00000004   Zero   RW          350    .bss.pxOverflowDelayedTaskList  tasks.o
    0x2000021c        -       0x00000004   Zero   RW          426    .bss.pxOverflowTimerList  timers.o
    0x20000220        -       0x000000c8   Zero   RW          341    .bss.pxReadyTasksLists  tasks.o
    0x200002e8        -       0x00004400   Zero   RW          478    .bss.ucHeap         heap_1.o
    0x200046e8        -       0x00000004   Zero   RW          702    .bss.uwTick         stm32f1xx_hal.o
    0x200046ec        -       0x00000004   Zero   RW          346    .bss.uxCurrentNumberOfTasks  tasks.o
    0x200046f0        -       0x00000004   Zero   RW          345    .bss.uxDeletedTasksWaitingCleanUp  tasks.o
    0x200046f4        -       0x00000004   Zero   RW          352    .bss.uxSchedulerSuspended  tasks.o
    0x200046f8        -       0x00000004   Zero   RW          343    .bss.uxTaskNumber   tasks.o
    0x200046fc        -       0x00000004   Zero   RW          342    .bss.uxTopReadyPriority  tasks.o
    0x20004700        -       0x00000014   Zero   RW          428    .bss.xActiveTimerList1  timers.o
    0x20004714        -       0x00000014   Zero   RW          429    .bss.xActiveTimerList2  timers.o
    0x20004728        -       0x00000014   Zero   RW          360    .bss.xDelayedTaskList1  tasks.o
    0x2000473c        -       0x00000014   Zero   RW          361    .bss.xDelayedTaskList2  tasks.o
    0x20004750        -       0x00000004   Zero   RW          355    .bss.xIdleTaskHandle  tasks.o
    0x20004754        -       0x00000004   Zero   RW          479    .bss.xNextFreeByte  heap_1.o
    0x20004758        -       0x00000004   Zero   RW          356    .bss.xNextTaskUnblockTime  tasks.o
    0x2000475c        -       0x00000004   Zero   RW          359    .bss.xNumOfOverflows  tasks.o
    0x20004760        -       0x00000004   Zero   RW          358    .bss.xPendedTicks   tasks.o
    0x20004764        -       0x00000014   Zero   RW          353    .bss.xPendingReadyList  tasks.o
    0x20004778        -       0x00000004   Zero   RW          347    .bss.xSchedulerRunning  tasks.o
    0x2000477c        -       0x00000014   Zero   RW          351    .bss.xSuspendedTaskList  tasks.o
    0x20004790        -       0x00000014   Zero   RW          344    .bss.xTasksWaitingTermination  tasks.o
    0x200047a4        -       0x00000004   Zero   RW          348    .bss.xTickCount     tasks.o
    0x200047a8        -       0x00000004   Zero   RW          422    .bss.xTimerQueue    timers.o
    0x200047ac        -       0x00000004   Zero   RW          424    .bss.xTimerTaskHandle  timers.o
    0x200047b0        -       0x00000004   Zero   RW          357    .bss.xYieldPending  tasks.o
    0x200047b4   0x0800599c   0x00000004   PAD
    0x200047b8        -       0x00000400   Zero   RW            1    STACK               startup_stm32f103xb.o


==============================================================================

Image component sizes


      Code (inc. data)   RO Data    RW Data    ZI Data      Debug   Object Name

       214          0          0          0      17416       1390   heap_1.o
       298          0          0          0          0       2113   list.o
       980          0          0          0        264       9279   main.o
       516         12          0          4          0       2571   port.o
      2268          0          0          0          0      10546   queue.o
        36          8        236          0       1024        820   startup_stm32f103xb.o
        82          0          0          8          4       5606   stm32f1xx_hal.o
      3000          0          0          0          0      11374   stm32f1xx_hal_can.o
       376          0          0          0          0       7561   stm32f1xx_hal_cortex.o
       944          0          0          0          0       4237   stm32f1xx_hal_gpio.o
       418          0          0          0          0       7735   stm32f1xx_hal_msp.o
      2630          0          0          0          0       7442   stm32f1xx_hal_rcc.o
      2162          0          0          0          0      34742   stm32f1xx_hal_tim.o
       220          0          0          0          0      14814   stm32f1xx_hal_tim_ex.o
       180          0          0          0        104       5537   stm32f1xx_hal_timebase_tim.o
        86          0          0          0          0       1203   stm32f1xx_it.o
         2          0         24          4          0       1595   system_stm32f1xx.o
      3244          0          5          0        360      20158   tasks.o
      3154         48         28          1        118       9405   tasks_1.o
      1464         10          8          0         60       8504   timers.o

    ----------------------------------------------------------------------
     22424         78        334         20      19364     166632   Object Totals
         0          0         32          0          0          0   (incl. Generated)
       150          0          1          3         14          0   (incl. Padding)

    ----------------------------------------------------------------------

      Code (inc. data)   RO Data    RW Data    ZI Data      Debug   Library Member Name

         0          0          0          0          0          0   entry.o
         0          0          0          0          0          0   entry10a.o
         0          0          0          0          0          0   entry11a.o
         8          4          0          0          0          0   entry2.o
         4          0          0          0          0          0   entry5.o
         0          0          0          0          0          0   entry7b.o
         0          0          0          0          0          0   entry8b.o
         8          4          0          0          0          0   entry9a.o
        30          0          0          0          0          0   handlers.o
        36          8          0          0          0         68   init.o
        36          0          0          0          0         68   memcpya.o
        36          0          0          0          0        108   memseta.o

    ----------------------------------------------------------------------
       158         16          0          0          0        244   Library Totals
         0          0          0          0          0          0   (incl. Padding)

    ----------------------------------------------------------------------

      Code (inc. data)   RO Data    RW Data    ZI Data      Debug   Library Name

       158         16          0          0          0        244   mc_w.l

    ----------------------------------------------------------------------
       158         16          0          0          0        244   Library Totals

    ----------------------------------------------------------------------

==============================================================================


      Code (inc. data)   RO Data    RW Data    ZI Data      Debug   

     22582         94        334         20      19364     166688   Grand Totals
     22582         94        334         20      19364     166688   ELF Image Totals
     22582         94        334         20          0          0   ROM Totals

==============================================================================

    Total RO  Size (Code + RO Data)                22916 (  22.38kB)
    Total RW  Size (RW Data + ZI Data)             19384 (  18.93kB)
    Total ROM Size (Code + RO Data + RW Data)      22936 (  22.40kB)

==============================================================================

